[15:05:30 WRN] () No instantiatable types implementing `IEntityTypeConfiguration` were found while while scanning assembly 'AppProject.Core.Infraestructure.Database, Version=1.0.0.0, Culture=neutral, PublicKeyToken=null'.
[15:05:31 INF] () Executed DbCommand (24ms) [Parameters=[], CommandType='"Text"', CommandTimeout='30']
SELECT 1
[15:05:31 INF] () Acquiring an exclusive lock for migration application. See https://aka.ms/efcore-docs-migrations-lock for more information if this takes too long.
[15:05:31 INF] () Executed DbCommand (88ms) [Parameters=[], CommandType='"Text"', CommandTimeout='30']
DECLARE @result int;
EXEC @result = sp_getapplock @Resource = '__EFMigrationsLock', @LockOwner = 'Session', @LockMode = 'Exclusive';
SELECT @result
[15:05:31 INF] () Executed DbCommand (51ms) [Parameters=[], CommandType='"Text"', CommandTimeout='30']
IF OBJECT_ID(N'[__EFMigrationsHistory]') IS NULL
BEGIN
    CREATE TABLE [__EFMigrationsHistory] (
        [MigrationId] nvarchar(150) NOT NULL,
        [ProductVersion] nvarchar(32) NOT NULL,
        CONSTRAINT [PK___EFMigrationsHistory] PRIMARY KEY ([MigrationId])
    );
END;
[15:05:31 INF] () Executed DbCommand (3ms) [Parameters=[], CommandType='"Text"', CommandTimeout='30']
SELECT 1
[15:05:31 INF] () Executed DbCommand (1ms) [Parameters=[], CommandType='"Text"', CommandTimeout='30']
SELECT OBJECT_ID(N'[__EFMigrationsHistory]');
[15:05:31 INF] () Executed DbCommand (48ms) [Parameters=[], CommandType='"Text"', CommandTimeout='30']
SELECT [MigrationId], [ProductVersion]
FROM [__EFMigrationsHistory]
ORDER BY [MigrationId];
[15:05:31 INF] () No migrations were applied. The database is already up to date.
[15:05:31 INF] () Executed DbCommand (6ms) [Parameters=[], CommandType='"Text"', CommandTimeout='30']
DECLARE @result int;
EXEC @result = sp_releaseapplock @Resource = '__EFMigrationsLock', @LockOwner = 'Session';
SELECT @result
[15:05:31 INF] () Executed DbCommand (8ms) [Parameters=[], CommandType='"Text"', CommandTimeout='30']
SELECT TOP(1) [u].[Id], [u].[CreatedAt], [u].[CreatedByUserId], [u].[CreatedByUserName], [u].[Email], [u].[IsSystemAdmin], [u].[Name], [u].[RowVersion], [u].[UpdatedAt], [u].[UpdatedByUserId], [u].[UpdatedByUserName]
FROM [Users] AS [u]
WHERE [u].[IsSystemAdmin] = CAST(1 AS bit)
[15:05:31 INF] () User profile is available. Using 'C:\Users\vicen\AppData\Local\ASP.NET\DataProtection-Keys' as key repository and Windows DPAPI to encrypt keys at rest.
[15:05:32 INF] () Now listening on: https://localhost:7121
[15:05:32 INF] () Application started. Press Ctrl+C to shut down.
[15:05:32 INF] () Hosting environment: Development
[15:05:32 INF] () Content root path: C:\Course\dotnet-template\AppProject.Core.API
[15:05:38 INF] () Request starting HTTP/2 GET https://localhost:7121/swagger/swagger-ui.css - null null
[15:05:38 INF] () Request starting HTTP/2 GET https://localhost:7121/swagger/index.css - null null
[15:05:38 INF] () Request starting HTTP/2 GET https://localhost:7121/swagger/index.js - null null
[15:05:38 INF] () Request starting HTTP/2 GET https://localhost:7121/swagger/swagger-ui-bundle.js - null null
[15:05:38 INF] () Request starting HTTP/2 GET https://localhost:7121/swagger/swagger-ui-standalone-preset.js - null null
[15:05:38 INF] () Request finished HTTP/2 GET https://localhost:7121/swagger/swagger-ui-bundle.js - 304 null null 103.9044ms
[15:05:38 INF] () Request finished HTTP/2 GET https://localhost:7121/swagger/swagger-ui.css - 304 null null 101.3809ms
[15:05:38 INF] () Request finished HTTP/2 GET https://localhost:7121/swagger/index.css - 304 null null 101.3814ms
[15:05:38 INF] () Request finished HTTP/2 GET https://localhost:7121/swagger/swagger-ui-standalone-preset.js - 304 null null 101.4176ms
[15:05:38 INF] () Request finished HTTP/2 GET https://localhost:7121/swagger/index.js - 200 null application/javascript;charset=utf-8 176.788ms
[15:05:38 INF] () Request starting HTTP/2 GET https://localhost:7121/swagger/v1/swagger.json - null null
[15:05:38 INF] () Request finished HTTP/2 GET https://localhost:7121/swagger/v1/swagger.json - 200 null application/json;charset=utf-8 115.8473ms
[15:06:02 INF] () Request starting HTTP/2 POST https://localhost:7121/api/general/Sample/SendEmail - null 0
[15:06:02 INF] () CORS policy execution failed.
[15:06:02 INF] () Request origin https://localhost:7121 does not have permission to access the resource.
[15:06:02 INF] (Anonymous) Executing endpoint 'AppProject.Core.Controllers.General.SampleController.SendEmailAsync (AppProject.Core.Controllers.General)'
[15:06:02 INF] (Anonymous) Route matched with {action = "SendEmail", controller = "Sample"}. Executing controller action with signature System.Threading.Tasks.Task`1[Microsoft.AspNetCore.Mvc.IActionResult] SendEmailAsync(System.Threading.CancellationToken) on controller AppProject.Core.Controllers.General.SampleController (AppProject.Core.Controllers.General).
[15:08:42 INF] (Anonymous) Start processing HTTP request POST https://api.sendgrid.com/v3/mail/send
[15:08:42 INF] (Anonymous) Sending HTTP request POST https://api.sendgrid.com/v3/mail/send
[15:08:43 INF] (Anonymous) Received HTTP response headers after 1044.8997ms - 400
[15:08:43 INF] (Anonymous) End processing HTTP request after 1067.2548ms - 400
[15:08:43 ERR] (Anonymous) Email was not sent. Status Code: "BadRequest"
[15:09:19 INF] (Anonymous) Executing ObjectResult, writing value of type 'System.String'.
[15:09:19 INF] (Anonymous) Executed action AppProject.Core.Controllers.General.SampleController.SendEmailAsync (AppProject.Core.Controllers.General) in 196929.7448ms
[15:09:19 INF] (Anonymous) Executed endpoint 'AppProject.Core.Controllers.General.SampleController.SendEmailAsync (AppProject.Core.Controllers.General)'
[15:09:35 INF] () Request finished HTTP/2 POST https://localhost:7121/api/general/Sample/SendEmail - 500 null text/plain; charset=utf-8 212849.716ms
[21:26:15 WRN] () No instantiatable types implementing `IEntityTypeConfiguration` were found while while scanning assembly 'AppProject.Core.Infraestructure.Database, Version=1.0.0.0, Culture=neutral, PublicKeyToken=null'.
[21:26:15 INF] () Executed DbCommand (22ms) [Parameters=[], CommandType='"Text"', CommandTimeout='30']
SELECT 1
[21:26:15 INF] () Acquiring an exclusive lock for migration application. See https://aka.ms/efcore-docs-migrations-lock for more information if this takes too long.
[21:26:16 INF] () Executed DbCommand (25ms) [Parameters=[], CommandType='"Text"', CommandTimeout='30']
DECLARE @result int;
EXEC @result = sp_getapplock @Resource = '__EFMigrationsLock', @LockOwner = 'Session', @LockMode = 'Exclusive';
SELECT @result
[21:26:16 INF] () Executed DbCommand (2ms) [Parameters=[], CommandType='"Text"', CommandTimeout='30']
IF OBJECT_ID(N'[__EFMigrationsHistory]') IS NULL
BEGIN
    CREATE TABLE [__EFMigrationsHistory] (
        [MigrationId] nvarchar(150) NOT NULL,
        [ProductVersion] nvarchar(32) NOT NULL,
        CONSTRAINT [PK___EFMigrationsHistory] PRIMARY KEY ([MigrationId])
    );
END;
[21:26:16 INF] () Executed DbCommand (1ms) [Parameters=[], CommandType='"Text"', CommandTimeout='30']
SELECT 1
[21:26:16 INF] () Executed DbCommand (2ms) [Parameters=[], CommandType='"Text"', CommandTimeout='30']
SELECT OBJECT_ID(N'[__EFMigrationsHistory]');
[21:26:16 INF] () Executed DbCommand (10ms) [Parameters=[], CommandType='"Text"', CommandTimeout='30']
SELECT [MigrationId], [ProductVersion]
FROM [__EFMigrationsHistory]
ORDER BY [MigrationId];
[21:26:16 INF] () No migrations were applied. The database is already up to date.
[21:26:16 INF] () Executed DbCommand (4ms) [Parameters=[], CommandType='"Text"', CommandTimeout='30']
DECLARE @result int;
EXEC @result = sp_releaseapplock @Resource = '__EFMigrationsLock', @LockOwner = 'Session';
SELECT @result
[21:26:16 INF] () Executed DbCommand (4ms) [Parameters=[], CommandType='"Text"', CommandTimeout='30']
SELECT TOP(1) [u].[Id], [u].[CreatedAt], [u].[CreatedByUserId], [u].[CreatedByUserName], [u].[Email], [u].[IsSystemAdmin], [u].[Name], [u].[RowVersion], [u].[UpdatedAt], [u].[UpdatedByUserId], [u].[UpdatedByUserName]
FROM [Users] AS [u]
WHERE [u].[IsSystemAdmin] = CAST(1 AS bit)
[21:26:16 INF] () User profile is available. Using 'C:\Users\vicen\AppData\Local\ASP.NET\DataProtection-Keys' as key repository and Windows DPAPI to encrypt keys at rest.
[21:26:16 INF] () Now listening on: https://localhost:7121
[21:26:16 INF] () Application started. Press Ctrl+C to shut down.
[21:26:16 INF] () Hosting environment: Development
[21:26:16 INF] () Content root path: C:\Course\dotnet-template\AppProject.Core.API
[21:26:33 INF] () Request starting HTTP/2 GET https://localhost:7121/swagger/v1/swagger.json - null null
[21:26:33 INF] () Request finished HTTP/2 GET https://localhost:7121/swagger/v1/swagger.json - 200 null application/json;charset=utf-8 160.3606ms
[21:26:39 INF] () Request starting HTTP/2 GET https://localhost:7121/swagger/index.html - null null
[21:26:39 INF] () Request finished HTTP/2 GET https://localhost:7121/swagger/index.html - 200 null text/html;charset=utf-8 130.1794ms
[21:26:39 INF] () Request starting HTTP/2 GET https://localhost:7121/swagger/index.css - null null
[21:26:39 INF] () Request starting HTTP/2 GET https://localhost:7121/swagger/swagger-ui-bundle.js - null null
[21:26:39 INF] () Request starting HTTP/2 GET https://localhost:7121/swagger/index.js - null null
[21:26:39 INF] () Request starting HTTP/2 GET https://localhost:7121/swagger/swagger-ui.css - null null
[21:26:39 INF] () Request starting HTTP/2 GET https://localhost:7121/swagger/swagger-ui-standalone-preset.js - null null
[21:26:39 INF] () Request finished HTTP/2 GET https://localhost:7121/swagger/index.js - 200 null application/javascript;charset=utf-8 85.982ms
[21:26:39 INF] () Request finished HTTP/2 GET https://localhost:7121/swagger/index.css - 200 152 text/css 191.5591ms
[21:26:39 INF] () Request finished HTTP/2 GET https://localhost:7121/swagger/swagger-ui.css - 200 23647 text/css 203.3316ms
[21:26:39 INF] () Request finished HTTP/2 GET https://localhost:7121/swagger/swagger-ui-standalone-preset.js - 200 77352 text/javascript 141.01ms
[21:26:39 INF] () Request finished HTTP/2 GET https://localhost:7121/swagger/swagger-ui-bundle.js - 200 424767 text/javascript 231.3039ms
[21:26:39 INF] () Request starting HTTP/2 GET https://localhost:7121/swagger/v1/swagger.json - null null
[21:26:39 INF] () Request starting HTTP/2 GET https://localhost:7121/swagger/favicon-32x32.png - null null
[21:26:39 INF] () Request finished HTTP/2 GET https://localhost:7121/swagger/v1/swagger.json - 200 null application/json;charset=utf-8 33.1098ms
[21:26:39 INF] () Request finished HTTP/2 GET https://localhost:7121/swagger/favicon-32x32.png - 200 628 image/png 50.6224ms
[21:27:23 INF] () Request starting HTTP/2 POST https://localhost:7121/api/general/Sample/SendAIConversation - application/json 32
[21:27:23 INF] () CORS policy execution failed.
[21:27:23 INF] () Request origin https://localhost:7121 does not have permission to access the resource.
[21:27:23 INF] (Anonymous) Executing endpoint 'AppProject.Core.Controllers.General.SampleController.SendAIConversationAsync (AppProject.Core.Controllers.General)'
[21:27:23 INF] (Anonymous) Route matched with {action = "SendAIConversation", controller = "Sample"}. Executing controller action with signature System.Threading.Tasks.Task`1[Microsoft.AspNetCore.Mvc.IActionResult] SendAIConversationAsync(System.String, System.Threading.CancellationToken) on controller AppProject.Core.Controllers.General.SampleController (AppProject.Core.Controllers.General).
[21:46:38 WRN] () No instantiatable types implementing `IEntityTypeConfiguration` were found while while scanning assembly 'AppProject.Core.Infraestructure.Database, Version=1.0.0.0, Culture=neutral, PublicKeyToken=null'.
[21:46:39 INF] () Executed DbCommand (27ms) [Parameters=[], CommandType='"Text"', CommandTimeout='30']
SELECT 1
[21:46:39 INF] () Acquiring an exclusive lock for migration application. See https://aka.ms/efcore-docs-migrations-lock for more information if this takes too long.
[21:46:39 INF] () Executed DbCommand (33ms) [Parameters=[], CommandType='"Text"', CommandTimeout='30']
DECLARE @result int;
EXEC @result = sp_getapplock @Resource = '__EFMigrationsLock', @LockOwner = 'Session', @LockMode = 'Exclusive';
SELECT @result
[21:46:39 INF] () Executed DbCommand (3ms) [Parameters=[], CommandType='"Text"', CommandTimeout='30']
IF OBJECT_ID(N'[__EFMigrationsHistory]') IS NULL
BEGIN
    CREATE TABLE [__EFMigrationsHistory] (
        [MigrationId] nvarchar(150) NOT NULL,
        [ProductVersion] nvarchar(32) NOT NULL,
        CONSTRAINT [PK___EFMigrationsHistory] PRIMARY KEY ([MigrationId])
    );
END;
[21:46:39 INF] () Executed DbCommand (1ms) [Parameters=[], CommandType='"Text"', CommandTimeout='30']
SELECT 1
[21:46:39 INF] () Executed DbCommand (1ms) [Parameters=[], CommandType='"Text"', CommandTimeout='30']
SELECT OBJECT_ID(N'[__EFMigrationsHistory]');
[21:46:39 INF] () Executed DbCommand (9ms) [Parameters=[], CommandType='"Text"', CommandTimeout='30']
SELECT [MigrationId], [ProductVersion]
FROM [__EFMigrationsHistory]
ORDER BY [MigrationId];
[21:46:39 INF] () No migrations were applied. The database is already up to date.
[21:46:40 INF] () Executed DbCommand (4ms) [Parameters=[], CommandType='"Text"', CommandTimeout='30']
DECLARE @result int;
EXEC @result = sp_releaseapplock @Resource = '__EFMigrationsLock', @LockOwner = 'Session';
SELECT @result
[21:46:40 INF] () Executed DbCommand (5ms) [Parameters=[], CommandType='"Text"', CommandTimeout='30']
SELECT TOP(1) [u].[Id], [u].[CreatedAt], [u].[CreatedByUserId], [u].[CreatedByUserName], [u].[Email], [u].[IsSystemAdmin], [u].[Name], [u].[RowVersion], [u].[UpdatedAt], [u].[UpdatedByUserId], [u].[UpdatedByUserName]
FROM [Users] AS [u]
WHERE [u].[IsSystemAdmin] = CAST(1 AS bit)
[21:46:40 INF] () User profile is available. Using 'C:\Users\vicen\AppData\Local\ASP.NET\DataProtection-Keys' as key repository and Windows DPAPI to encrypt keys at rest.
[21:46:40 INF] () Now listening on: https://localhost:7121
[21:46:40 INF] () Application started. Press Ctrl+C to shut down.
[21:46:40 INF] () Hosting environment: Development
[21:46:40 INF] () Content root path: C:\Course\dotnet-template\AppProject.Core.API
[21:46:51 INF] () Request starting HTTP/2 GET https://localhost:7121/swagger/index.html - null null
[21:46:51 INF] () Request finished HTTP/2 GET https://localhost:7121/swagger/index.html - 200 null text/html;charset=utf-8 118.2655ms
[21:46:51 INF] () Request starting HTTP/2 GET https://localhost:7121/swagger/v1/swagger.json - null null
[21:46:51 INF] () Request finished HTTP/2 GET https://localhost:7121/swagger/v1/swagger.json - 200 null application/json;charset=utf-8 111.5778ms
[21:47:28 INF] () Request starting HTTP/2 POST https://localhost:7121/api/general/Sample/SendAIConversation - application/json 32
[21:47:28 INF] () CORS policy execution failed.
[21:47:28 INF] () Request origin https://localhost:7121 does not have permission to access the resource.
[21:47:28 INF] (Anonymous) Executing endpoint 'AppProject.Core.Controllers.General.SampleController.SendAIConversationAsync (AppProject.Core.Controllers.General)'
[21:47:28 INF] (Anonymous) Route matched with {action = "SendAIConversation", controller = "Sample"}. Executing controller action with signature System.Threading.Tasks.Task`1[Microsoft.AspNetCore.Mvc.IActionResult] SendAIConversationAsync(System.String, System.Threading.CancellationToken) on controller AppProject.Core.Controllers.General.SampleController (AppProject.Core.Controllers.General).
[21:48:39 WRN] () No instantiatable types implementing `IEntityTypeConfiguration` were found while while scanning assembly 'AppProject.Core.Infraestructure.Database, Version=1.0.0.0, Culture=neutral, PublicKeyToken=null'.
[21:48:40 INF] () Executed DbCommand (22ms) [Parameters=[], CommandType='"Text"', CommandTimeout='30']
SELECT 1
[21:48:40 INF] () Acquiring an exclusive lock for migration application. See https://aka.ms/efcore-docs-migrations-lock for more information if this takes too long.
[21:48:40 INF] () Executed DbCommand (32ms) [Parameters=[], CommandType='"Text"', CommandTimeout='30']
DECLARE @result int;
EXEC @result = sp_getapplock @Resource = '__EFMigrationsLock', @LockOwner = 'Session', @LockMode = 'Exclusive';
SELECT @result
[21:48:40 INF] () Executed DbCommand (3ms) [Parameters=[], CommandType='"Text"', CommandTimeout='30']
IF OBJECT_ID(N'[__EFMigrationsHistory]') IS NULL
BEGIN
    CREATE TABLE [__EFMigrationsHistory] (
        [MigrationId] nvarchar(150) NOT NULL,
        [ProductVersion] nvarchar(32) NOT NULL,
        CONSTRAINT [PK___EFMigrationsHistory] PRIMARY KEY ([MigrationId])
    );
END;
[21:48:40 INF] () Executed DbCommand (1ms) [Parameters=[], CommandType='"Text"', CommandTimeout='30']
SELECT 1
[21:48:40 INF] () Executed DbCommand (1ms) [Parameters=[], CommandType='"Text"', CommandTimeout='30']
SELECT OBJECT_ID(N'[__EFMigrationsHistory]');
[21:48:40 INF] () Executed DbCommand (9ms) [Parameters=[], CommandType='"Text"', CommandTimeout='30']
SELECT [MigrationId], [ProductVersion]
FROM [__EFMigrationsHistory]
ORDER BY [MigrationId];
[21:48:40 INF] () No migrations were applied. The database is already up to date.
[21:48:40 INF] () Executed DbCommand (5ms) [Parameters=[], CommandType='"Text"', CommandTimeout='30']
DECLARE @result int;
EXEC @result = sp_releaseapplock @Resource = '__EFMigrationsLock', @LockOwner = 'Session';
SELECT @result
[21:48:40 INF] () Executed DbCommand (5ms) [Parameters=[], CommandType='"Text"', CommandTimeout='30']
SELECT TOP(1) [u].[Id], [u].[CreatedAt], [u].[CreatedByUserId], [u].[CreatedByUserName], [u].[Email], [u].[IsSystemAdmin], [u].[Name], [u].[RowVersion], [u].[UpdatedAt], [u].[UpdatedByUserId], [u].[UpdatedByUserName]
FROM [Users] AS [u]
WHERE [u].[IsSystemAdmin] = CAST(1 AS bit)
[21:48:41 INF] () User profile is available. Using 'C:\Users\vicen\AppData\Local\ASP.NET\DataProtection-Keys' as key repository and Windows DPAPI to encrypt keys at rest.
[21:48:41 INF] () Now listening on: https://localhost:7121
[21:48:41 INF] () Application started. Press Ctrl+C to shut down.
[21:48:41 INF] () Hosting environment: Development
[21:48:41 INF] () Content root path: C:\Course\dotnet-template\AppProject.Core.API
[21:48:49 INF] () Request starting HTTP/2 GET https://localhost:7121/swagger/index.html - null null
[21:48:49 INF] () Request finished HTTP/2 GET https://localhost:7121/swagger/index.html - 200 null text/html;charset=utf-8 123.1684ms
[21:48:49 INF] () Request starting HTTP/2 GET https://localhost:7121/swagger/v1/swagger.json - null null
[21:48:49 INF] () Request finished HTTP/2 GET https://localhost:7121/swagger/v1/swagger.json - 200 null application/json;charset=utf-8 109.7448ms
[21:49:16 INF] () Request starting HTTP/2 POST https://localhost:7121/api/general/Sample/SendAIConversation - application/json 31
[21:49:16 INF] () CORS policy execution failed.
[21:49:16 INF] () Request origin https://localhost:7121 does not have permission to access the resource.
[21:49:16 INF] (Anonymous) Executing endpoint 'AppProject.Core.Controllers.General.SampleController.SendAIConversationAsync (AppProject.Core.Controllers.General)'
[21:49:16 INF] (Anonymous) Route matched with {action = "SendAIConversation", controller = "Sample"}. Executing controller action with signature System.Threading.Tasks.Task`1[Microsoft.AspNetCore.Mvc.IActionResult] SendAIConversationAsync(System.String, System.Threading.CancellationToken) on controller AppProject.Core.Controllers.General.SampleController (AppProject.Core.Controllers.General).
[21:49:24 INF] (Anonymous) Executing OkObjectResult, writing value of type 'System.String'.
[21:49:24 INF] (Anonymous) Executed action AppProject.Core.Controllers.General.SampleController.SendAIConversationAsync (AppProject.Core.Controllers.General) in 7404.4998ms
[21:49:24 INF] (Anonymous) Executed endpoint 'AppProject.Core.Controllers.General.SampleController.SendAIConversationAsync (AppProject.Core.Controllers.General)'
[21:49:24 INF] () Request finished HTTP/2 POST https://localhost:7121/api/general/Sample/SendAIConversation - 200 null text/plain; charset=utf-8 7775.7106ms
[21:49:56 INF] () Request starting HTTP/2 POST https://localhost:7121/api/general/Sample/SendEmail - null 0
[21:49:56 INF] () CORS policy execution failed.
[21:49:56 INF] () Request origin https://localhost:7121 does not have permission to access the resource.
[21:49:56 INF] (Anonymous) Executing endpoint 'AppProject.Core.Controllers.General.SampleController.SendEmailAsync (AppProject.Core.Controllers.General)'
[21:49:56 INF] (Anonymous) Route matched with {action = "SendEmail", controller = "Sample"}. Executing controller action with signature System.Threading.Tasks.Task`1[Microsoft.AspNetCore.Mvc.IActionResult] SendEmailAsync(System.Threading.CancellationToken) on controller AppProject.Core.Controllers.General.SampleController (AppProject.Core.Controllers.General).
[21:49:58 INF] (Anonymous) Start processing HTTP request POST https://api.sendgrid.com/v3/mail/send
[21:49:58 INF] (Anonymous) Sending HTTP request POST https://api.sendgrid.com/v3/mail/send
[21:49:59 INF] (Anonymous) Received HTTP response headers after 936.0408ms - 400
[21:49:59 INF] (Anonymous) End processing HTTP request after 951.2014ms - 400
[21:49:59 ERR] (Anonymous) Email was not sent. Status Code: "BadRequest"
[21:49:59 INF] (Anonymous) Executing ObjectResult, writing value of type 'System.String'.
[21:49:59 INF] (Anonymous) Executed action AppProject.Core.Controllers.General.SampleController.SendEmailAsync (AppProject.Core.Controllers.General) in 3320.877ms
[21:49:59 INF] (Anonymous) Executed endpoint 'AppProject.Core.Controllers.General.SampleController.SendEmailAsync (AppProject.Core.Controllers.General)'
[21:49:59 INF] () Request finished HTTP/2 POST https://localhost:7121/api/general/Sample/SendEmail - 500 null text/plain; charset=utf-8 3367.1177ms
