[19:18:55 INF] () Start installing Hangfire SQL objects...
[19:18:56 INF] () Hangfire SQL objects installed.
[19:18:58 INF] () Executed DbCommand (13ms) [Parameters=[], CommandType='"Text"', CommandTimeout='30']
SELECT 1
[19:18:58 INF] () Acquiring an exclusive lock for migration application. See https://aka.ms/efcore-docs-migrations-lock for more information if this takes too long.
[19:18:58 INF] () Executed DbCommand (13ms) [Parameters=[], CommandType='"Text"', CommandTimeout='30']
DECLARE @result int;
EXEC @result = sp_getapplock @Resource = '__EFMigrationsLock', @LockOwner = 'Session', @LockMode = 'Exclusive';
SELECT @result
[19:18:58 INF] () Executed DbCommand (6ms) [Parameters=[], CommandType='"Text"', CommandTimeout='30']
IF OBJECT_ID(N'[__EFMigrationsHistory]') IS NULL
BEGIN
    CREATE TABLE [__EFMigrationsHistory] (
        [MigrationId] nvarchar(150) NOT NULL,
        [ProductVersion] nvarchar(32) NOT NULL,
        CONSTRAINT [PK___EFMigrationsHistory] PRIMARY KEY ([MigrationId])
    );
END;
[19:18:58 INF] () Executed DbCommand (1ms) [Parameters=[], CommandType='"Text"', CommandTimeout='30']
SELECT 1
[19:18:58 INF] () Executed DbCommand (2ms) [Parameters=[], CommandType='"Text"', CommandTimeout='30']
SELECT OBJECT_ID(N'[__EFMigrationsHistory]');
[19:18:58 INF] () Executed DbCommand (4ms) [Parameters=[], CommandType='"Text"', CommandTimeout='30']
SELECT [MigrationId], [ProductVersion]
FROM [__EFMigrationsHistory]
ORDER BY [MigrationId];
[19:18:58 INF] () No migrations were applied. The database is already up to date.
[19:18:58 INF] () Executed DbCommand (1ms) [Parameters=[], CommandType='"Text"', CommandTimeout='30']
DECLARE @result int;
EXEC @result = sp_releaseapplock @Resource = '__EFMigrationsLock', @LockOwner = 'Session';
SELECT @result
[19:18:58 INF] () Executed DbCommand (5ms) [Parameters=[], CommandType='"Text"', CommandTimeout='30']
SELECT TOP(1) [u].[Id], [u].[CreatedAt], [u].[CreatedByUserId], [u].[CreatedByUserName], [u].[Email], [u].[IsSystemAdmin], [u].[Name], [u].[RowVersion], [u].[UpdatedAt], [u].[UpdatedByUserId], [u].[UpdatedByUserName]
FROM [Users] AS [u]
WHERE [u].[IsSystemAdmin] = CAST(1 AS bit)
[19:18:58 INF] () User profile is available. Using 'C:\Users\vicen\AppData\Local\ASP.NET\DataProtection-Keys' as key repository and Windows DPAPI to encrypt keys at rest.
[19:18:58 INF] () Creating key {57022ca1-95b2-442b-99ba-6a6fce072514} with creation date 2026-08-04 17:18:58Z, activation date 2026-08-04 17:18:58Z, and expiration date 2026-11-02 17:18:58Z.
[19:18:58 INF] () Writing data to file 'C:\Users\vicen\AppData\Local\ASP.NET\DataProtection-Keys\key-57022ca1-95b2-442b-99ba-6a6fce072514.xml'.
[19:18:59 INF] () Now listening on: https://localhost:7121
[19:18:59 INF] () Starting Hangfire Server using job storage: 'SQL Server: localhost\SQLEXPRESS@AppProject'
[19:18:59 INF] () Using the following options for SQL Server job storage: Queue poll interval: 00:00:00.
[19:18:59 INF] () Using the following options for Hangfire Server:
    Worker count: 20
    Listening queues: 'default'
    Shutdown timeout: 00:00:15
    Schedule polling interval: 00:00:15
[19:18:59 INF] () Application started. Press Ctrl+C to shut down.
[19:18:59 INF] () Hosting environment: Development
[19:18:59 INF] () Content root path: C:\Course\dotnet-template\AppProject.Core.API
[19:18:59 INF] () Server desktop-0fm4m6s:11084:688b3435 successfully announced in 53.2278 ms
[19:18:59 INF] () Server desktop-0fm4m6s:11084:688b3435 is starting the registered dispatchers: ServerWatchdog, ServerJobCancellationWatcher, SqlServerHeartbeatProcess, ExpirationManager, CountersAggregator, Worker, DelayedJobScheduler, RecurringJobScheduler...
[19:18:59 INF] () 1 servers were removed due to timeout
[19:18:59 INF] () Server desktop-0fm4m6s:11084:688b3435 all the dispatchers started
[19:18:59 INF] () Starting job SampleJob at "2026-08-04T17:18:59.6674873Z".
[19:18:59 INF] () Executing SampleJob at "2026-08-04T17:18:59.6705018Z".
[19:18:59 INF] () Completed job SampleJob at "2026-08-04T17:18:59.6724085Z".
[19:19:58 INF] () Request starting HTTP/2 OPTIONS https://localhost:7121/api/auth/Permission/GetCurrentUserPermissions - null null
[19:19:58 INF] () CORS policy execution successful.
[19:19:58 INF] () Request finished HTTP/2 OPTIONS https://localhost:7121/api/auth/Permission/GetCurrentUserPermissions - 204 null null 67.0458ms
[19:19:58 INF] () Request starting HTTP/2 GET https://localhost:7121/api/auth/Permission/GetCurrentUserPermissions - null null
[19:19:58 INF] () CORS policy execution successful.
[19:19:58 INF] (vicente.maria.vm17@gmail.com) Executing endpoint 'AppProject.Core.API.Controllers.Auth.PermissionController.GetCurrentUserPermissionsAsync (AppProject.Core.API)'
[19:19:59 INF] (vicente.maria.vm17@gmail.com) Route matched with {action = "GetCurrentUserPermissions", controller = "Permission"}. Executing controller action with signature System.Threading.Tasks.Task`1[Microsoft.AspNetCore.Mvc.IActionResult] GetCurrentUserPermissionsAsync(AppProject.Models.Auth.PermissionContext, System.Threading.CancellationToken) on controller AppProject.Core.API.Controllers.Auth.PermissionController (AppProject.Core.API).
[19:19:59 INF] () Executed DbCommand (3ms) [Parameters=[], CommandType='"Text"', CommandTimeout='30']
SELECT TOP(1) [u].[Id], [u].[CreatedAt], [u].[CreatedByUserId], [u].[CreatedByUserName], [u].[Email], [u].[IsSystemAdmin], [u].[Name], [u].[RowVersion], [u].[UpdatedAt], [u].[UpdatedByUserId], [u].[UpdatedByUserName]
FROM [Users] AS [u]
WHERE [u].[IsSystemAdmin] = CAST(1 AS bit)
[19:19:59 INF] (vicente.maria.vm17@gmail.com) Executing OkObjectResult, writing value of type 'AppProject.Models.Auth.PermissionType[]'.
[19:19:59 INF] (vicente.maria.vm17@gmail.com) Executed action AppProject.Core.API.Controllers.Auth.PermissionController.GetCurrentUserPermissionsAsync (AppProject.Core.API) in 140.2947ms
[19:19:59 INF] (vicente.maria.vm17@gmail.com) Executed endpoint 'AppProject.Core.API.Controllers.Auth.PermissionController.GetCurrentUserPermissionsAsync (AppProject.Core.API)'
[19:19:59 INF] () Request finished HTTP/2 GET https://localhost:7121/api/auth/Permission/GetCurrentUserPermissions - 200 null application/json; charset=utf-8 1017.8971ms
[19:20:19 INF] () Request starting HTTP/2 OPTIONS https://localhost:7121/api/general/StateSummary/GetSummaries?Take=100 - null null
[19:20:19 INF] () CORS policy execution successful.
[19:20:19 INF] () Request finished HTTP/2 OPTIONS https://localhost:7121/api/general/StateSummary/GetSummaries?Take=100 - 204 null null 11.4195ms
[19:20:19 INF] () Request starting HTTP/2 GET https://localhost:7121/api/general/StateSummary/GetSummaries?Take=100 - null null
[19:20:19 INF] () CORS policy execution successful.
[19:20:19 INF] (vicente.maria.vm17@gmail.com) Executing endpoint 'AppProject.Core.Controllers.General.StateSummaryController.GetSummariesAsync (AppProject.Core.Controllers.General)'
[19:20:19 INF] (vicente.maria.vm17@gmail.com) Route matched with {action = "GetSummaries", controller = "StateSummary"}. Executing controller action with signature System.Threading.Tasks.Task`1[Microsoft.AspNetCore.Mvc.IActionResult] GetSummariesAsync(AppProject.Core.Models.General.StateSummarySearchRequest, System.Threading.CancellationToken) on controller AppProject.Core.Controllers.General.StateSummaryController (AppProject.Core.Controllers.General).
[19:20:19 INF] (vicente.maria.vm17@gmail.com) Executed DbCommand (11ms) [Parameters=[@__p_0='?' (DbType = Int32)], CommandType='"Text"', CommandTimeout='30']
SELECT [s0].[Id], [s0].[Name], [c].[Name] AS [CountryName], [s0].[CountryId]
FROM (
    SELECT TOP(@__p_0) [s].[Id], [s].[CountryId], [s].[Name]
    FROM [States] AS [s]
    ORDER BY [s].[Name]
) AS [s0]
INNER JOIN [Countries] AS [c] ON [s0].[CountryId] = [c].[Id]
ORDER BY [s0].[Name]
[19:20:19 INF] (vicente.maria.vm17@gmail.com) Executing OkObjectResult, writing value of type 'AppProject.Models.SummariesResponse`1[[AppProject.Core.Models.General.StateSummary, AppProject.Core.Models, Version=1.0.0.0, Culture=neutral, PublicKeyToken=null]]'.
[19:20:19 INF] (vicente.maria.vm17@gmail.com) Executed action AppProject.Core.Controllers.General.StateSummaryController.GetSummariesAsync (AppProject.Core.Controllers.General) in 179.5712ms
[19:20:19 INF] (vicente.maria.vm17@gmail.com) Executed endpoint 'AppProject.Core.Controllers.General.StateSummaryController.GetSummariesAsync (AppProject.Core.Controllers.General)'
[19:20:19 INF] () Request finished HTTP/2 GET https://localhost:7121/api/general/StateSummary/GetSummaries?Take=100 - 200 null application/json; charset=utf-8 208.5028ms
[19:20:23 INF] () Request starting HTTP/2 OPTIONS https://localhost:7121/api/general/CitySummary/GetSummaries?Take=100 - null null
[19:20:23 INF] () CORS policy execution successful.
[19:20:23 INF] () Request finished HTTP/2 OPTIONS https://localhost:7121/api/general/CitySummary/GetSummaries?Take=100 - 204 null null 3.5389ms
[19:20:23 INF] () Request starting HTTP/2 GET https://localhost:7121/api/general/CitySummary/GetSummaries?Take=100 - null null
[19:20:23 INF] () CORS policy execution successful.
[19:20:23 INF] (vicente.maria.vm17@gmail.com) Executing endpoint 'AppProject.Core.Controllers.General.CitySummaryController.GetSummariesAsync (AppProject.Core.Controllers.General)'
[19:20:23 INF] (vicente.maria.vm17@gmail.com) Route matched with {action = "GetSummaries", controller = "CitySummary"}. Executing controller action with signature System.Threading.Tasks.Task`1[Microsoft.AspNetCore.Mvc.IActionResult] GetSummariesAsync(AppProject.Core.Models.General.CitySummarySearchRequest, System.Threading.CancellationToken) on controller AppProject.Core.Controllers.General.CitySummaryController (AppProject.Core.Controllers.General).
[19:20:23 INF] (vicente.maria.vm17@gmail.com) Executed DbCommand (5ms) [Parameters=[@__p_0='?' (DbType = Int32)], CommandType='"Text"', CommandTimeout='30']
SELECT [c0].[Id], [c0].[Name], [s].[Name] AS [StateName], [c0].[StateId], [c1].[Name] AS [CountryName], [s].[CountryId]
FROM (
    SELECT TOP(@__p_0) [c].[Id], [c].[Name], [c].[StateId]
    FROM [Cities] AS [c]
    ORDER BY [c].[Name]
) AS [c0]
INNER JOIN [States] AS [s] ON [c0].[StateId] = [s].[Id]
INNER JOIN [Countries] AS [c1] ON [s].[CountryId] = [c1].[Id]
ORDER BY [c0].[Name]
[19:20:23 INF] (vicente.maria.vm17@gmail.com) Executing OkObjectResult, writing value of type 'AppProject.Models.SummariesResponse`1[[AppProject.Core.Models.General.CitySummary, AppProject.Core.Models, Version=1.0.0.0, Culture=neutral, PublicKeyToken=null]]'.
[19:20:23 INF] (vicente.maria.vm17@gmail.com) Executed action AppProject.Core.Controllers.General.CitySummaryController.GetSummariesAsync (AppProject.Core.Controllers.General) in 30.907ms
[19:20:23 INF] (vicente.maria.vm17@gmail.com) Executed endpoint 'AppProject.Core.Controllers.General.CitySummaryController.GetSummariesAsync (AppProject.Core.Controllers.General)'
[19:20:23 INF] () Request finished HTTP/2 GET https://localhost:7121/api/general/CitySummary/GetSummaries?Take=100 - 200 null application/json; charset=utf-8 49.0537ms
[19:20:28 INF] () Request starting HTTP/2 OPTIONS https://localhost:7121/api/general/StateSummary/GetSummaries?Take=100 - null null
[19:20:28 INF] () CORS policy execution successful.
[19:20:28 INF] () Request finished HTTP/2 OPTIONS https://localhost:7121/api/general/StateSummary/GetSummaries?Take=100 - 204 null null 3.3928ms
[19:20:28 INF] () Request starting HTTP/2 GET https://localhost:7121/api/general/StateSummary/GetSummaries?Take=100 - null null
[19:20:28 INF] () CORS policy execution successful.
[19:20:28 INF] (vicente.maria.vm17@gmail.com) Executing endpoint 'AppProject.Core.Controllers.General.StateSummaryController.GetSummariesAsync (AppProject.Core.Controllers.General)'
[19:20:28 INF] (vicente.maria.vm17@gmail.com) Route matched with {action = "GetSummaries", controller = "StateSummary"}. Executing controller action with signature System.Threading.Tasks.Task`1[Microsoft.AspNetCore.Mvc.IActionResult] GetSummariesAsync(AppProject.Core.Models.General.StateSummarySearchRequest, System.Threading.CancellationToken) on controller AppProject.Core.Controllers.General.StateSummaryController (AppProject.Core.Controllers.General).
[19:20:28 INF] (vicente.maria.vm17@gmail.com) Executed DbCommand (1ms) [Parameters=[@__p_0='?' (DbType = Int32)], CommandType='"Text"', CommandTimeout='30']
SELECT [s0].[Id], [s0].[Name], [c].[Name] AS [CountryName], [s0].[CountryId]
FROM (
    SELECT TOP(@__p_0) [s].[Id], [s].[CountryId], [s].[Name]
    FROM [States] AS [s]
    ORDER BY [s].[Name]
) AS [s0]
INNER JOIN [Countries] AS [c] ON [s0].[CountryId] = [c].[Id]
ORDER BY [s0].[Name]
[19:20:28 INF] (vicente.maria.vm17@gmail.com) Executing OkObjectResult, writing value of type 'AppProject.Models.SummariesResponse`1[[AppProject.Core.Models.General.StateSummary, AppProject.Core.Models, Version=1.0.0.0, Culture=neutral, PublicKeyToken=null]]'.
[19:20:28 INF] (vicente.maria.vm17@gmail.com) Executed action AppProject.Core.Controllers.General.StateSummaryController.GetSummariesAsync (AppProject.Core.Controllers.General) in 6.1042ms
[19:20:28 INF] (vicente.maria.vm17@gmail.com) Executed endpoint 'AppProject.Core.Controllers.General.StateSummaryController.GetSummariesAsync (AppProject.Core.Controllers.General)'
[19:20:28 INF] () Request finished HTTP/2 GET https://localhost:7121/api/general/StateSummary/GetSummaries?Take=100 - 200 null application/json; charset=utf-8 18.63ms
[19:21:07 INF] () Request starting HTTP/2 OPTIONS https://localhost:7121/api/general/City/Post - null null
[19:21:07 INF] () CORS policy execution successful.
[19:21:07 INF] () Request finished HTTP/2 OPTIONS https://localhost:7121/api/general/City/Post - 204 null null 28.3237ms
[19:21:07 INF] () Request starting HTTP/2 POST https://localhost:7121/api/general/City/Post - application/json; charset=utf-8 190
[19:21:07 INF] () CORS policy execution successful.
[19:21:07 INF] (vicente.maria.vm17@gmail.com) Executing endpoint 'AppProject.Core.Controllers.General.CityController.PostAsync (AppProject.Core.Controllers.General)'
[19:21:07 INF] (vicente.maria.vm17@gmail.com) Route matched with {action = "Post", controller = "City"}. Executing controller action with signature System.Threading.Tasks.Task`1[Microsoft.AspNetCore.Mvc.IActionResult] PostAsync(AppProject.Models.CreateOrUpdateRequest`1[AppProject.Core.Models.General.City], System.Threading.CancellationToken) on controller AppProject.Core.Controllers.General.CityController (AppProject.Core.Controllers.General).
[19:21:07 INF] (vicente.maria.vm17@gmail.com) Executed DbCommand (15ms) [Parameters=[@__neighborhoodIds_0='?' (Size = 4000)], CommandType='"Text"', CommandTimeout='30']
SELECT CASE
    WHEN EXISTS (
        SELECT 1
        FROM [Neighborhoods] AS [n]
        WHERE [n].[Id] IN (
            SELECT [n0].[value]
            FROM OPENJSON(@__neighborhoodIds_0) WITH ([value] uniqueidentifier '$') AS [n0]
        )) THEN CAST(1 AS bit)
    ELSE CAST(0 AS bit)
END
[19:21:07 INF] (vicente.maria.vm17@gmail.com) Executed DbCommand (4ms) [Parameters=[@__city_StateId_0='?' (DbType = Guid), @__city_Name_1='?' (Size = 200)], CommandType='"Text"', CommandTimeout='30']
SELECT CASE
    WHEN EXISTS (
        SELECT 1
        FROM [Cities] AS [c]
        WHERE [c].[StateId] = @__city_StateId_0 AND [c].[Name] = @__city_Name_1) THEN CAST(1 AS bit)
    ELSE CAST(0 AS bit)
END
[19:21:07 INF] (vicente.maria.vm17@gmail.com) Executed DbCommand (1ms) [Parameters=[], CommandType='"Text"', CommandTimeout='30']
SELECT CAST(0 AS bit)
[19:21:07 INF] (vicente.maria.vm17@gmail.com) Executed DbCommand (7ms) [Parameters=[@p0='?' (DbType = Guid), @p1='?' (Size = 200), @p2='?' (DbType = DateTimeOffset), @p3='?' (DbType = Guid), @p4='?' (Size = 255), @p5='?' (Size = 200), @p6='?' (DbType = Guid), @p7='?' (DbType = DateTimeOffset), @p8='?' (DbType = Guid), @p9='?' (Size = 255)], CommandType='"Text"', CommandTimeout='30']
SET IMPLICIT_TRANSACTIONS OFF;
SET NOCOUNT ON;
INSERT INTO [Cities] ([Id], [Code], [CreatedAt], [CreatedByUserId], [CreatedByUserName], [Name], [StateId], [UpdatedAt], [UpdatedByUserId], [UpdatedByUserName])
OUTPUT INSERTED.[RowVersion]
VALUES (@p0, @p1, @p2, @p3, @p4, @p5, @p6, @p7, @p8, @p9);
[19:21:07 INF] (vicente.maria.vm17@gmail.com) Executing OkObjectResult, writing value of type 'AppProject.Models.KeyResponse`1[[System.Guid, System.Private.CoreLib, Version=9.0.0.0, Culture=neutral, PublicKeyToken=7cec85d7bea7798e]]'.
[19:21:07 INF] (vicente.maria.vm17@gmail.com) Executed action AppProject.Core.Controllers.General.CityController.PostAsync (AppProject.Core.Controllers.General) in 348.2669ms
[19:21:07 INF] (vicente.maria.vm17@gmail.com) Executed endpoint 'AppProject.Core.Controllers.General.CityController.PostAsync (AppProject.Core.Controllers.General)'
[19:21:08 INF] () Request finished HTTP/2 POST https://localhost:7121/api/general/City/Post - 200 null application/json; charset=utf-8 362.2082ms
[19:21:08 INF] () Request starting HTTP/2 OPTIONS https://localhost:7121/api/general/CitySummary/GetSummaries?Take=100 - null null
[19:21:08 INF] () CORS policy execution successful.
[19:21:08 INF] () Request finished HTTP/2 OPTIONS https://localhost:7121/api/general/CitySummary/GetSummaries?Take=100 - 204 null null 4.4028ms
[19:21:08 INF] () Request starting HTTP/2 GET https://localhost:7121/api/general/CitySummary/GetSummaries?Take=100 - null null
[19:21:08 INF] () CORS policy execution successful.
[19:21:08 INF] (vicente.maria.vm17@gmail.com) Executing endpoint 'AppProject.Core.Controllers.General.CitySummaryController.GetSummariesAsync (AppProject.Core.Controllers.General)'
[19:21:08 INF] (vicente.maria.vm17@gmail.com) Route matched with {action = "GetSummaries", controller = "CitySummary"}. Executing controller action with signature System.Threading.Tasks.Task`1[Microsoft.AspNetCore.Mvc.IActionResult] GetSummariesAsync(AppProject.Core.Models.General.CitySummarySearchRequest, System.Threading.CancellationToken) on controller AppProject.Core.Controllers.General.CitySummaryController (AppProject.Core.Controllers.General).
[19:21:08 INF] (vicente.maria.vm17@gmail.com) Executed DbCommand (1ms) [Parameters=[@__p_0='?' (DbType = Int32)], CommandType='"Text"', CommandTimeout='30']
SELECT [c0].[Id], [c0].[Name], [s].[Name] AS [StateName], [c0].[StateId], [c1].[Name] AS [CountryName], [s].[CountryId]
FROM (
    SELECT TOP(@__p_0) [c].[Id], [c].[Name], [c].[StateId]
    FROM [Cities] AS [c]
    ORDER BY [c].[Name]
) AS [c0]
INNER JOIN [States] AS [s] ON [c0].[StateId] = [s].[Id]
INNER JOIN [Countries] AS [c1] ON [s].[CountryId] = [c1].[Id]
ORDER BY [c0].[Name]
[19:21:08 INF] (vicente.maria.vm17@gmail.com) Executing OkObjectResult, writing value of type 'AppProject.Models.SummariesResponse`1[[AppProject.Core.Models.General.CitySummary, AppProject.Core.Models, Version=1.0.0.0, Culture=neutral, PublicKeyToken=null]]'.
[19:21:08 INF] (vicente.maria.vm17@gmail.com) Executed action AppProject.Core.Controllers.General.CitySummaryController.GetSummariesAsync (AppProject.Core.Controllers.General) in 5.3601ms
[19:21:08 INF] (vicente.maria.vm17@gmail.com) Executed endpoint 'AppProject.Core.Controllers.General.CitySummaryController.GetSummariesAsync (AppProject.Core.Controllers.General)'
[19:21:08 INF] () Request finished HTTP/2 GET https://localhost:7121/api/general/CitySummary/GetSummaries?Take=100 - 200 null application/json; charset=utf-8 15.7216ms
[19:21:16 INF] () Request starting HTTP/2 OPTIONS https://localhost:7121/api/general/City/Get?Id=9650847e-8d29-4a49-51a4-08def24cc581 - null null
[19:21:16 INF] () CORS policy execution successful.
[19:21:16 INF] () Request finished HTTP/2 OPTIONS https://localhost:7121/api/general/City/Get?Id=9650847e-8d29-4a49-51a4-08def24cc581 - 204 null null 3.9593ms
[19:21:16 INF] () Request starting HTTP/2 GET https://localhost:7121/api/general/City/Get?Id=9650847e-8d29-4a49-51a4-08def24cc581 - null null
[19:21:16 INF] () CORS policy execution successful.
[19:21:16 INF] (vicente.maria.vm17@gmail.com) Executing endpoint 'AppProject.Core.Controllers.General.CityController.GetAsync (AppProject.Core.Controllers.General)'
[19:21:16 INF] (vicente.maria.vm17@gmail.com) Route matched with {action = "Get", controller = "City"}. Executing controller action with signature System.Threading.Tasks.Task`1[Microsoft.AspNetCore.Mvc.IActionResult] GetAsync(AppProject.Models.GetByIdRequest`1[System.Guid], System.Threading.CancellationToken) on controller AppProject.Core.Controllers.General.CityController (AppProject.Core.Controllers.General).
[19:21:16 INF] (vicente.maria.vm17@gmail.com) Executed DbCommand (6ms) [Parameters=[@__request_Id_0='?' (DbType = Guid)], CommandType='"Text"', CommandTimeout='30']
SELECT [c].[Id], [c].[Name], [c].[Code], [c].[StateId], [c].[RowVersion]
FROM [Cities] AS [c]
WHERE [c].[Id] = @__request_Id_0
[19:21:16 INF] (vicente.maria.vm17@gmail.com) Executing OkObjectResult, writing value of type 'AppProject.Models.EntityResponse`1[[AppProject.Core.Models.General.City, AppProject.Core.Models.General, Version=1.0.0.0, Culture=neutral, PublicKeyToken=null]]'.
[19:21:16 INF] (vicente.maria.vm17@gmail.com) Executed action AppProject.Core.Controllers.General.CityController.GetAsync (AppProject.Core.Controllers.General) in 25.9594ms
[19:21:16 INF] (vicente.maria.vm17@gmail.com) Executed endpoint 'AppProject.Core.Controllers.General.CityController.GetAsync (AppProject.Core.Controllers.General)'
[19:21:16 INF] () Request finished HTTP/2 GET https://localhost:7121/api/general/City/Get?Id=9650847e-8d29-4a49-51a4-08def24cc581 - 200 null application/json; charset=utf-8 42.1026ms
[19:21:16 INF] () Request starting HTTP/2 OPTIONS https://localhost:7121/api/general/StateSummary/GetSummaries?Take=100 - null null
[19:21:16 INF] () CORS policy execution successful.
[19:21:16 INF] () Request finished HTTP/2 OPTIONS https://localhost:7121/api/general/StateSummary/GetSummaries?Take=100 - 204 null null 3.327ms
[19:21:16 INF] () Request starting HTTP/2 GET https://localhost:7121/api/general/StateSummary/GetSummaries?Take=100 - null null
[19:21:16 INF] () CORS policy execution successful.
[19:21:16 INF] (vicente.maria.vm17@gmail.com) Executing endpoint 'AppProject.Core.Controllers.General.StateSummaryController.GetSummariesAsync (AppProject.Core.Controllers.General)'
[19:21:16 INF] (vicente.maria.vm17@gmail.com) Route matched with {action = "GetSummaries", controller = "StateSummary"}. Executing controller action with signature System.Threading.Tasks.Task`1[Microsoft.AspNetCore.Mvc.IActionResult] GetSummariesAsync(AppProject.Core.Models.General.StateSummarySearchRequest, System.Threading.CancellationToken) on controller AppProject.Core.Controllers.General.StateSummaryController (AppProject.Core.Controllers.General).
[19:21:16 INF] (vicente.maria.vm17@gmail.com) Executed DbCommand (5ms) [Parameters=[@__p_0='?' (DbType = Int32)], CommandType='"Text"', CommandTimeout='30']
SELECT [s0].[Id], [s0].[Name], [c].[Name] AS [CountryName], [s0].[CountryId]
FROM (
    SELECT TOP(@__p_0) [s].[Id], [s].[CountryId], [s].[Name]
    FROM [States] AS [s]
    ORDER BY [s].[Name]
) AS [s0]
INNER JOIN [Countries] AS [c] ON [s0].[CountryId] = [c].[Id]
ORDER BY [s0].[Name]
[19:21:16 INF] (vicente.maria.vm17@gmail.com) Executing OkObjectResult, writing value of type 'AppProject.Models.SummariesResponse`1[[AppProject.Core.Models.General.StateSummary, AppProject.Core.Models, Version=1.0.0.0, Culture=neutral, PublicKeyToken=null]]'.
[19:21:16 INF] (vicente.maria.vm17@gmail.com) Executed action AppProject.Core.Controllers.General.StateSummaryController.GetSummariesAsync (AppProject.Core.Controllers.General) in 15.6493ms
[19:21:16 INF] (vicente.maria.vm17@gmail.com) Executed endpoint 'AppProject.Core.Controllers.General.StateSummaryController.GetSummariesAsync (AppProject.Core.Controllers.General)'
[19:21:16 INF] () Request finished HTTP/2 GET https://localhost:7121/api/general/StateSummary/GetSummaries?Take=100 - 200 null application/json; charset=utf-8 48.5146ms
[19:21:16 INF] () Request starting HTTP/2 GET https://localhost:7121/api/general/StateSummary/GetSummaries?Take=100 - null null
[19:21:16 INF] () CORS policy execution successful.
[19:21:16 INF] (vicente.maria.vm17@gmail.com) Executing endpoint 'AppProject.Core.Controllers.General.StateSummaryController.GetSummariesAsync (AppProject.Core.Controllers.General)'
[19:21:16 INF] (vicente.maria.vm17@gmail.com) Route matched with {action = "GetSummaries", controller = "StateSummary"}. Executing controller action with signature System.Threading.Tasks.Task`1[Microsoft.AspNetCore.Mvc.IActionResult] GetSummariesAsync(AppProject.Core.Models.General.StateSummarySearchRequest, System.Threading.CancellationToken) on controller AppProject.Core.Controllers.General.StateSummaryController (AppProject.Core.Controllers.General).
[19:21:16 INF] (vicente.maria.vm17@gmail.com) Executed DbCommand (1ms) [Parameters=[@__p_0='?' (DbType = Int32)], CommandType='"Text"', CommandTimeout='30']
SELECT [s0].[Id], [s0].[Name], [c].[Name] AS [CountryName], [s0].[CountryId]
FROM (
    SELECT TOP(@__p_0) [s].[Id], [s].[CountryId], [s].[Name]
    FROM [States] AS [s]
    ORDER BY [s].[Name]
) AS [s0]
INNER JOIN [Countries] AS [c] ON [s0].[CountryId] = [c].[Id]
ORDER BY [s0].[Name]
[19:21:16 INF] (vicente.maria.vm17@gmail.com) Executing OkObjectResult, writing value of type 'AppProject.Models.SummariesResponse`1[[AppProject.Core.Models.General.StateSummary, AppProject.Core.Models, Version=1.0.0.0, Culture=neutral, PublicKeyToken=null]]'.
[19:21:16 INF] (vicente.maria.vm17@gmail.com) Executed action AppProject.Core.Controllers.General.StateSummaryController.GetSummariesAsync (AppProject.Core.Controllers.General) in 5.7505ms
[19:21:16 INF] (vicente.maria.vm17@gmail.com) Executed endpoint 'AppProject.Core.Controllers.General.StateSummaryController.GetSummariesAsync (AppProject.Core.Controllers.General)'
[19:21:16 INF] () Request finished HTTP/2 GET https://localhost:7121/api/general/StateSummary/GetSummaries?Take=100 - 200 null application/json; charset=utf-8 16.9987ms
[19:21:33 INF] () Request starting HTTP/2 OPTIONS https://localhost:7121/api/general/City/Put - null null
[19:21:33 INF] () CORS policy execution successful.
[19:21:33 INF] () Request finished HTTP/2 OPTIONS https://localhost:7121/api/general/City/Put - 204 null null 24.7135ms
[19:21:33 INF] () Request starting HTTP/2 PUT https://localhost:7121/api/general/City/Put - application/json; charset=utf-8 239
[19:21:34 INF] () CORS policy execution successful.
[19:21:34 INF] (vicente.maria.vm17@gmail.com) Executing endpoint 'AppProject.Core.Controllers.General.CityController.PutAsync (AppProject.Core.Controllers.General)'
[19:21:34 INF] (vicente.maria.vm17@gmail.com) Route matched with {action = "Put", controller = "City"}. Executing controller action with signature System.Threading.Tasks.Task`1[Microsoft.AspNetCore.Mvc.IActionResult] PutAsync(AppProject.Models.CreateOrUpdateRequest`1[AppProject.Core.Models.General.City], System.Threading.CancellationToken) on controller AppProject.Core.Controllers.General.CityController (AppProject.Core.Controllers.General).
[19:21:34 INF] (vicente.maria.vm17@gmail.com) Executed DbCommand (5ms) [Parameters=[@__neighborhoodIds_0='?' (Size = 4000), @__city_Id_1='?' (DbType = Guid)], CommandType='"Text"', CommandTimeout='30']
SELECT CASE
    WHEN EXISTS (
        SELECT 1
        FROM [Neighborhoods] AS [n]
        WHERE [n].[Id] IN (
            SELECT [n0].[value]
            FROM OPENJSON(@__neighborhoodIds_0) WITH ([value] uniqueidentifier '$') AS [n0]
        ) AND [n].[CityId] <> @__city_Id_1) THEN CAST(1 AS bit)
    ELSE CAST(0 AS bit)
END
[19:21:34 INF] (vicente.maria.vm17@gmail.com) Executed DbCommand (3ms) [Parameters=[@__city_StateId_0='?' (DbType = Guid), @__city_Name_1='?' (Size = 200), @__city_Id_2='?' (DbType = Guid)], CommandType='"Text"', CommandTimeout='30']
SELECT CASE
    WHEN EXISTS (
        SELECT 1
        FROM [Cities] AS [c]
        WHERE [c].[StateId] = @__city_StateId_0 AND [c].[Name] = @__city_Name_1 AND [c].[Id] <> @__city_Id_2) THEN CAST(1 AS bit)
    ELSE CAST(0 AS bit)
END
[19:21:34 INF] (vicente.maria.vm17@gmail.com) Executed DbCommand (8ms) [Parameters=[@__city_Id_0='?' (DbType = Guid), @__neighborhoodNames_1='?' (Size = 4000), @__neighborhoodIds_2='?' (Size = 4000)], CommandType='"Text"', CommandTimeout='30']
SELECT CASE
    WHEN EXISTS (
        SELECT 1
        FROM [Neighborhoods] AS [n]
        WHERE [n].[CityId] = @__city_Id_0 AND [n].[Name] IN (
            SELECT [n0].[value]
            FROM OPENJSON(@__neighborhoodNames_1) WITH ([value] nvarchar(200) '$') AS [n0]
        ) AND NOT EXISTS (
            SELECT 1
            FROM OPENJSON(@__neighborhoodIds_2) WITH ([value] uniqueidentifier '$') AS [n1]
            WHERE [n1].[value] = [n].[Id])) THEN CAST(1 AS bit)
    ELSE CAST(0 AS bit)
END
[19:21:34 INF] (vicente.maria.vm17@gmail.com) Executed DbCommand (2ms) [Parameters=[@__request_Entity_Id_0='?' (DbType = Guid)], CommandType='"Text"', CommandTimeout='30']
SELECT [c].[Id], [c].[Code], [c].[CreatedAt], [c].[CreatedByUserId], [c].[CreatedByUserName], [c].[Name], [c].[RowVersion], [c].[StateId], [c].[UpdatedAt], [c].[UpdatedByUserId], [c].[UpdatedByUserName]
FROM [Cities] AS [c]
WHERE [c].[Id] = @__request_Entity_Id_0
[19:21:34 INF] (vicente.maria.vm17@gmail.com) Executed DbCommand (7ms) [Parameters=[@p9='?' (DbType = Guid), @p0='?' (Size = 200), @p1='?' (DbType = DateTimeOffset), @p2='?' (DbType = Guid), @p3='?' (Size = 255), @p4='?' (Size = 200), @p10='?' (Size = 8) (DbType = Binary), @p5='?' (DbType = Guid), @p6='?' (DbType = DateTimeOffset), @p7='?' (DbType = Guid), @p8='?' (Size = 255)], CommandType='"Text"', CommandTimeout='30']
SET IMPLICIT_TRANSACTIONS OFF;
SET NOCOUNT ON;
UPDATE [Cities] SET [Code] = @p0, [CreatedAt] = @p1, [CreatedByUserId] = @p2, [CreatedByUserName] = @p3, [Name] = @p4, [StateId] = @p5, [UpdatedAt] = @p6, [UpdatedByUserId] = @p7, [UpdatedByUserName] = @p8
OUTPUT INSERTED.[RowVersion]
WHERE [Id] = @p9 AND [RowVersion] = @p10;
[19:21:34 INF] (vicente.maria.vm17@gmail.com) Executing OkObjectResult, writing value of type 'AppProject.Models.KeyResponse`1[[System.Guid, System.Private.CoreLib, Version=9.0.0.0, Culture=neutral, PublicKeyToken=7cec85d7bea7798e]]'.
[19:21:34 INF] (vicente.maria.vm17@gmail.com) Executed action AppProject.Core.Controllers.General.CityController.PutAsync (AppProject.Core.Controllers.General) in 81.8234ms
[19:21:34 INF] (vicente.maria.vm17@gmail.com) Executed endpoint 'AppProject.Core.Controllers.General.CityController.PutAsync (AppProject.Core.Controllers.General)'
[19:21:34 INF] () Request finished HTTP/2 PUT https://localhost:7121/api/general/City/Put - 200 null application/json; charset=utf-8 98.7691ms
[19:21:34 INF] () Request starting HTTP/2 OPTIONS https://localhost:7121/api/general/CitySummary/GetSummaries?Take=100 - null null
[19:21:34 INF] () CORS policy execution successful.
[19:21:34 INF] () Request finished HTTP/2 OPTIONS https://localhost:7121/api/general/CitySummary/GetSummaries?Take=100 - 204 null null 3.2806ms
[19:21:34 INF] () Request starting HTTP/2 GET https://localhost:7121/api/general/CitySummary/GetSummaries?Take=100 - null null
[19:21:34 INF] () CORS policy execution successful.
[19:21:34 INF] (vicente.maria.vm17@gmail.com) Executing endpoint 'AppProject.Core.Controllers.General.CitySummaryController.GetSummariesAsync (AppProject.Core.Controllers.General)'
[19:21:34 INF] (vicente.maria.vm17@gmail.com) Route matched with {action = "GetSummaries", controller = "CitySummary"}. Executing controller action with signature System.Threading.Tasks.Task`1[Microsoft.AspNetCore.Mvc.IActionResult] GetSummariesAsync(AppProject.Core.Models.General.CitySummarySearchRequest, System.Threading.CancellationToken) on controller AppProject.Core.Controllers.General.CitySummaryController (AppProject.Core.Controllers.General).
[19:21:34 INF] (vicente.maria.vm17@gmail.com) Executed DbCommand (3ms) [Parameters=[@__p_0='?' (DbType = Int32)], CommandType='"Text"', CommandTimeout='30']
SELECT [c0].[Id], [c0].[Name], [s].[Name] AS [StateName], [c0].[StateId], [c1].[Name] AS [CountryName], [s].[CountryId]
FROM (
    SELECT TOP(@__p_0) [c].[Id], [c].[Name], [c].[StateId]
    FROM [Cities] AS [c]
    ORDER BY [c].[Name]
) AS [c0]
INNER JOIN [States] AS [s] ON [c0].[StateId] = [s].[Id]
INNER JOIN [Countries] AS [c1] ON [s].[CountryId] = [c1].[Id]
ORDER BY [c0].[Name]
[19:21:34 INF] (vicente.maria.vm17@gmail.com) Executing OkObjectResult, writing value of type 'AppProject.Models.SummariesResponse`1[[AppProject.Core.Models.General.CitySummary, AppProject.Core.Models, Version=1.0.0.0, Culture=neutral, PublicKeyToken=null]]'.
[19:21:34 INF] (vicente.maria.vm17@gmail.com) Executed action AppProject.Core.Controllers.General.CitySummaryController.GetSummariesAsync (AppProject.Core.Controllers.General) in 8.8877ms
[19:21:34 INF] (vicente.maria.vm17@gmail.com) Executed endpoint 'AppProject.Core.Controllers.General.CitySummaryController.GetSummariesAsync (AppProject.Core.Controllers.General)'
[19:21:34 INF] () Request finished HTTP/2 GET https://localhost:7121/api/general/CitySummary/GetSummaries?Take=100 - 200 null application/json; charset=utf-8 19.3309ms
[19:21:38 INF] () Request starting HTTP/2 OPTIONS https://localhost:7121/api/general/City/Get?Id=9650847e-8d29-4a49-51a4-08def24cc581 - null null
[19:21:38 INF] () CORS policy execution successful.
[19:21:38 INF] () Request finished HTTP/2 OPTIONS https://localhost:7121/api/general/City/Get?Id=9650847e-8d29-4a49-51a4-08def24cc581 - 204 null null 3.6107ms
[19:21:38 INF] () Request starting HTTP/2 GET https://localhost:7121/api/general/City/Get?Id=9650847e-8d29-4a49-51a4-08def24cc581 - null null
[19:21:38 INF] () CORS policy execution successful.
[19:21:38 INF] (vicente.maria.vm17@gmail.com) Executing endpoint 'AppProject.Core.Controllers.General.CityController.GetAsync (AppProject.Core.Controllers.General)'
[19:21:38 INF] (vicente.maria.vm17@gmail.com) Route matched with {action = "Get", controller = "City"}. Executing controller action with signature System.Threading.Tasks.Task`1[Microsoft.AspNetCore.Mvc.IActionResult] GetAsync(AppProject.Models.GetByIdRequest`1[System.Guid], System.Threading.CancellationToken) on controller AppProject.Core.Controllers.General.CityController (AppProject.Core.Controllers.General).
[19:21:38 INF] (vicente.maria.vm17@gmail.com) Executed DbCommand (1ms) [Parameters=[@__request_Id_0='?' (DbType = Guid)], CommandType='"Text"', CommandTimeout='30']
SELECT [c].[Id], [c].[Name], [c].[Code], [c].[StateId], [c].[RowVersion]
FROM [Cities] AS [c]
WHERE [c].[Id] = @__request_Id_0
[19:21:38 INF] (vicente.maria.vm17@gmail.com) Executing OkObjectResult, writing value of type 'AppProject.Models.EntityResponse`1[[AppProject.Core.Models.General.City, AppProject.Core.Models.General, Version=1.0.0.0, Culture=neutral, PublicKeyToken=null]]'.
[19:21:38 INF] (vicente.maria.vm17@gmail.com) Executed action AppProject.Core.Controllers.General.CityController.GetAsync (AppProject.Core.Controllers.General) in 6.0955ms
[19:21:38 INF] (vicente.maria.vm17@gmail.com) Executed endpoint 'AppProject.Core.Controllers.General.CityController.GetAsync (AppProject.Core.Controllers.General)'
[19:21:38 INF] () Request finished HTTP/2 GET https://localhost:7121/api/general/City/Get?Id=9650847e-8d29-4a49-51a4-08def24cc581 - 200 null application/json; charset=utf-8 15.7986ms
[19:21:38 INF] () Request starting HTTP/2 OPTIONS https://localhost:7121/api/general/StateSummary/GetSummaries?Take=100 - null null
[19:21:38 INF] () CORS policy execution successful.
[19:21:38 INF] () Request finished HTTP/2 OPTIONS https://localhost:7121/api/general/StateSummary/GetSummaries?Take=100 - 204 null null 3.204ms
[19:21:38 INF] () Request starting HTTP/2 GET https://localhost:7121/api/general/StateSummary/GetSummaries?Take=100 - null null
[19:21:38 INF] () CORS policy execution successful.
[19:21:38 INF] (vicente.maria.vm17@gmail.com) Executing endpoint 'AppProject.Core.Controllers.General.StateSummaryController.GetSummariesAsync (AppProject.Core.Controllers.General)'
[19:21:38 INF] (vicente.maria.vm17@gmail.com) Route matched with {action = "GetSummaries", controller = "StateSummary"}. Executing controller action with signature System.Threading.Tasks.Task`1[Microsoft.AspNetCore.Mvc.IActionResult] GetSummariesAsync(AppProject.Core.Models.General.StateSummarySearchRequest, System.Threading.CancellationToken) on controller AppProject.Core.Controllers.General.StateSummaryController (AppProject.Core.Controllers.General).
[19:21:38 INF] (vicente.maria.vm17@gmail.com) Executed DbCommand (4ms) [Parameters=[@__p_0='?' (DbType = Int32)], CommandType='"Text"', CommandTimeout='30']
SELECT [s0].[Id], [s0].[Name], [c].[Name] AS [CountryName], [s0].[CountryId]
FROM (
    SELECT TOP(@__p_0) [s].[Id], [s].[CountryId], [s].[Name]
    FROM [States] AS [s]
    ORDER BY [s].[Name]
) AS [s0]
INNER JOIN [Countries] AS [c] ON [s0].[CountryId] = [c].[Id]
ORDER BY [s0].[Name]
[19:21:38 INF] (vicente.maria.vm17@gmail.com) Executing OkObjectResult, writing value of type 'AppProject.Models.SummariesResponse`1[[AppProject.Core.Models.General.StateSummary, AppProject.Core.Models, Version=1.0.0.0, Culture=neutral, PublicKeyToken=null]]'.
[19:21:38 INF] (vicente.maria.vm17@gmail.com) Executed action AppProject.Core.Controllers.General.StateSummaryController.GetSummariesAsync (AppProject.Core.Controllers.General) in 10.3931ms
[19:21:38 INF] (vicente.maria.vm17@gmail.com) Executed endpoint 'AppProject.Core.Controllers.General.StateSummaryController.GetSummariesAsync (AppProject.Core.Controllers.General)'
[19:21:38 INF] () Request finished HTTP/2 GET https://localhost:7121/api/general/StateSummary/GetSummaries?Take=100 - 200 null application/json; charset=utf-8 22.9686ms
[19:21:38 INF] () Request starting HTTP/2 GET https://localhost:7121/api/general/StateSummary/GetSummaries?Take=100 - null null
[19:21:38 INF] () CORS policy execution successful.
[19:21:38 INF] (vicente.maria.vm17@gmail.com) Executing endpoint 'AppProject.Core.Controllers.General.StateSummaryController.GetSummariesAsync (AppProject.Core.Controllers.General)'
[19:21:38 INF] (vicente.maria.vm17@gmail.com) Route matched with {action = "GetSummaries", controller = "StateSummary"}. Executing controller action with signature System.Threading.Tasks.Task`1[Microsoft.AspNetCore.Mvc.IActionResult] GetSummariesAsync(AppProject.Core.Models.General.StateSummarySearchRequest, System.Threading.CancellationToken) on controller AppProject.Core.Controllers.General.StateSummaryController (AppProject.Core.Controllers.General).
[19:21:38 INF] (vicente.maria.vm17@gmail.com) Executed DbCommand (1ms) [Parameters=[@__p_0='?' (DbType = Int32)], CommandType='"Text"', CommandTimeout='30']
SELECT [s0].[Id], [s0].[Name], [c].[Name] AS [CountryName], [s0].[CountryId]
FROM (
    SELECT TOP(@__p_0) [s].[Id], [s].[CountryId], [s].[Name]
    FROM [States] AS [s]
    ORDER BY [s].[Name]
) AS [s0]
INNER JOIN [Countries] AS [c] ON [s0].[CountryId] = [c].[Id]
ORDER BY [s0].[Name]
[19:21:38 INF] (vicente.maria.vm17@gmail.com) Executing OkObjectResult, writing value of type 'AppProject.Models.SummariesResponse`1[[AppProject.Core.Models.General.StateSummary, AppProject.Core.Models, Version=1.0.0.0, Culture=neutral, PublicKeyToken=null]]'.
[19:21:38 INF] (vicente.maria.vm17@gmail.com) Executed action AppProject.Core.Controllers.General.StateSummaryController.GetSummariesAsync (AppProject.Core.Controllers.General) in 6.3014ms
[19:21:38 INF] (vicente.maria.vm17@gmail.com) Executed endpoint 'AppProject.Core.Controllers.General.StateSummaryController.GetSummariesAsync (AppProject.Core.Controllers.General)'
[19:21:38 INF] () Request finished HTTP/2 GET https://localhost:7121/api/general/StateSummary/GetSummaries?Take=100 - 200 null application/json; charset=utf-8 40.0678ms
[19:21:53 INF] () Request starting HTTP/2 OPTIONS https://localhost:7121/api/general/CitySummary/GetSummaries?Take=100 - null null
[19:21:53 INF] () CORS policy execution successful.
[19:21:53 INF] () Request finished HTTP/2 OPTIONS https://localhost:7121/api/general/CitySummary/GetSummaries?Take=100 - 204 null null 3.1654ms
[19:21:53 INF] () Request starting HTTP/2 GET https://localhost:7121/api/general/CitySummary/GetSummaries?Take=100 - null null
[19:21:53 INF] () CORS policy execution successful.
[19:21:53 INF] (vicente.maria.vm17@gmail.com) Executing endpoint 'AppProject.Core.Controllers.General.CitySummaryController.GetSummariesAsync (AppProject.Core.Controllers.General)'
[19:21:53 INF] (vicente.maria.vm17@gmail.com) Route matched with {action = "GetSummaries", controller = "CitySummary"}. Executing controller action with signature System.Threading.Tasks.Task`1[Microsoft.AspNetCore.Mvc.IActionResult] GetSummariesAsync(AppProject.Core.Models.General.CitySummarySearchRequest, System.Threading.CancellationToken) on controller AppProject.Core.Controllers.General.CitySummaryController (AppProject.Core.Controllers.General).
[19:21:53 INF] (vicente.maria.vm17@gmail.com) Executed DbCommand (1ms) [Parameters=[@__p_0='?' (DbType = Int32)], CommandType='"Text"', CommandTimeout='30']
SELECT [c0].[Id], [c0].[Name], [s].[Name] AS [StateName], [c0].[StateId], [c1].[Name] AS [CountryName], [s].[CountryId]
FROM (
    SELECT TOP(@__p_0) [c].[Id], [c].[Name], [c].[StateId]
    FROM [Cities] AS [c]
    ORDER BY [c].[Name]
) AS [c0]
INNER JOIN [States] AS [s] ON [c0].[StateId] = [s].[Id]
INNER JOIN [Countries] AS [c1] ON [s].[CountryId] = [c1].[Id]
ORDER BY [c0].[Name]
[19:21:53 INF] (vicente.maria.vm17@gmail.com) Executing OkObjectResult, writing value of type 'AppProject.Models.SummariesResponse`1[[AppProject.Core.Models.General.CitySummary, AppProject.Core.Models, Version=1.0.0.0, Culture=neutral, PublicKeyToken=null]]'.
[19:21:53 INF] (vicente.maria.vm17@gmail.com) Executed action AppProject.Core.Controllers.General.CitySummaryController.GetSummariesAsync (AppProject.Core.Controllers.General) in 5.4992ms
[19:21:53 INF] (vicente.maria.vm17@gmail.com) Executed endpoint 'AppProject.Core.Controllers.General.CitySummaryController.GetSummariesAsync (AppProject.Core.Controllers.General)'
[19:21:53 INF] () Request finished HTTP/2 GET https://localhost:7121/api/general/CitySummary/GetSummaries?Take=100 - 200 null application/json; charset=utf-8 20.2414ms
[19:22:00 INF] () Request starting HTTP/2 OPTIONS https://localhost:7121/api/general/City/Delete?Id=9650847e-8d29-4a49-51a4-08def24cc581 - null null
[19:22:00 INF] () CORS policy execution successful.
[19:22:00 INF] () Request finished HTTP/2 OPTIONS https://localhost:7121/api/general/City/Delete?Id=9650847e-8d29-4a49-51a4-08def24cc581 - 204 null null 2.9651ms
[19:22:00 INF] () Request starting HTTP/2 DELETE https://localhost:7121/api/general/City/Delete?Id=9650847e-8d29-4a49-51a4-08def24cc581 - null null
[19:22:00 INF] () CORS policy execution successful.
[19:22:00 INF] (vicente.maria.vm17@gmail.com) Executing endpoint 'AppProject.Core.Controllers.General.CityController.DeleteAsync (AppProject.Core.Controllers.General)'
[19:22:00 INF] (vicente.maria.vm17@gmail.com) Route matched with {action = "Delete", controller = "City"}. Executing controller action with signature System.Threading.Tasks.Task`1[Microsoft.AspNetCore.Mvc.IActionResult] DeleteAsync(AppProject.Models.DeleteRequest`1[System.Guid], System.Threading.CancellationToken) on controller AppProject.Core.Controllers.General.CityController (AppProject.Core.Controllers.General).
[19:22:00 INF] (vicente.maria.vm17@gmail.com) Executed DbCommand (2ms) [Parameters=[@__request_Id_0='?' (DbType = Guid)], CommandType='"Text"', CommandTimeout='30']
SELECT [c].[Id], [c].[Code], [c].[CreatedAt], [c].[CreatedByUserId], [c].[CreatedByUserName], [c].[Name], [c].[RowVersion], [c].[StateId], [c].[UpdatedAt], [c].[UpdatedByUserId], [c].[UpdatedByUserName]
FROM [Cities] AS [c]
WHERE [c].[Id] = @__request_Id_0
[19:22:00 INF] (vicente.maria.vm17@gmail.com) Executed DbCommand (6ms) [Parameters=[@p0='?' (DbType = Guid), @p1='?' (Size = 8) (DbType = Binary)], CommandType='"Text"', CommandTimeout='30']
SET IMPLICIT_TRANSACTIONS OFF;
SET NOCOUNT ON;
DELETE FROM [Cities]
OUTPUT 1
WHERE [Id] = @p0 AND [RowVersion] = @p1;
[19:22:00 INF] (vicente.maria.vm17@gmail.com) Executing OkObjectResult, writing value of type 'AppProject.Models.EmptyResponse'.
[19:22:00 INF] (vicente.maria.vm17@gmail.com) Executed action AppProject.Core.Controllers.General.CityController.DeleteAsync (AppProject.Core.Controllers.General) in 41.4239ms
[19:22:00 INF] (vicente.maria.vm17@gmail.com) Executed endpoint 'AppProject.Core.Controllers.General.CityController.DeleteAsync (AppProject.Core.Controllers.General)'
[19:22:00 INF] () Request finished HTTP/2 DELETE https://localhost:7121/api/general/City/Delete?Id=9650847e-8d29-4a49-51a4-08def24cc581 - 200 null application/json; charset=utf-8 57.6407ms
[19:22:00 INF] () Request starting HTTP/2 OPTIONS https://localhost:7121/api/general/CitySummary/GetSummaries?Take=100 - null null
[19:22:00 INF] () CORS policy execution successful.
[19:22:00 INF] () Request finished HTTP/2 OPTIONS https://localhost:7121/api/general/CitySummary/GetSummaries?Take=100 - 204 null null 3.6231ms
[19:22:00 INF] () Request starting HTTP/2 GET https://localhost:7121/api/general/CitySummary/GetSummaries?Take=100 - null null
[19:22:00 INF] () CORS policy execution successful.
[19:22:00 INF] (vicente.maria.vm17@gmail.com) Executing endpoint 'AppProject.Core.Controllers.General.CitySummaryController.GetSummariesAsync (AppProject.Core.Controllers.General)'
[19:22:00 INF] (vicente.maria.vm17@gmail.com) Route matched with {action = "GetSummaries", controller = "CitySummary"}. Executing controller action with signature System.Threading.Tasks.Task`1[Microsoft.AspNetCore.Mvc.IActionResult] GetSummariesAsync(AppProject.Core.Models.General.CitySummarySearchRequest, System.Threading.CancellationToken) on controller AppProject.Core.Controllers.General.CitySummaryController (AppProject.Core.Controllers.General).
[19:22:00 INF] (vicente.maria.vm17@gmail.com) Executed DbCommand (1ms) [Parameters=[@__p_0='?' (DbType = Int32)], CommandType='"Text"', CommandTimeout='30']
SELECT [c0].[Id], [c0].[Name], [s].[Name] AS [StateName], [c0].[StateId], [c1].[Name] AS [CountryName], [s].[CountryId]
FROM (
    SELECT TOP(@__p_0) [c].[Id], [c].[Name], [c].[StateId]
    FROM [Cities] AS [c]
    ORDER BY [c].[Name]
) AS [c0]
INNER JOIN [States] AS [s] ON [c0].[StateId] = [s].[Id]
INNER JOIN [Countries] AS [c1] ON [s].[CountryId] = [c1].[Id]
ORDER BY [c0].[Name]
[19:22:00 INF] (vicente.maria.vm17@gmail.com) Executing OkObjectResult, writing value of type 'AppProject.Models.SummariesResponse`1[[AppProject.Core.Models.General.CitySummary, AppProject.Core.Models, Version=1.0.0.0, Culture=neutral, PublicKeyToken=null]]'.
[19:22:00 INF] (vicente.maria.vm17@gmail.com) Executed action AppProject.Core.Controllers.General.CitySummaryController.GetSummariesAsync (AppProject.Core.Controllers.General) in 5.1063ms
[19:22:00 INF] (vicente.maria.vm17@gmail.com) Executed endpoint 'AppProject.Core.Controllers.General.CitySummaryController.GetSummariesAsync (AppProject.Core.Controllers.General)'
[19:22:00 INF] () Request finished HTTP/2 GET https://localhost:7121/api/general/CitySummary/GetSummaries?Take=100 - 200 null application/json; charset=utf-8 15.3409ms
[19:22:05 INF] () Request starting HTTP/2 GET https://localhost:7121/api/general/CitySummary/GetSummaries?Take=100 - null null
[19:22:05 INF] () CORS policy execution successful.
[19:22:05 INF] (vicente.maria.vm17@gmail.com) Executing endpoint 'AppProject.Core.Controllers.General.CitySummaryController.GetSummariesAsync (AppProject.Core.Controllers.General)'
[19:22:05 INF] (vicente.maria.vm17@gmail.com) Route matched with {action = "GetSummaries", controller = "CitySummary"}. Executing controller action with signature System.Threading.Tasks.Task`1[Microsoft.AspNetCore.Mvc.IActionResult] GetSummariesAsync(AppProject.Core.Models.General.CitySummarySearchRequest, System.Threading.CancellationToken) on controller AppProject.Core.Controllers.General.CitySummaryController (AppProject.Core.Controllers.General).
[19:22:05 INF] (vicente.maria.vm17@gmail.com) Executed DbCommand (0ms) [Parameters=[@__p_0='?' (DbType = Int32)], CommandType='"Text"', CommandTimeout='30']
SELECT [c0].[Id], [c0].[Name], [s].[Name] AS [StateName], [c0].[StateId], [c1].[Name] AS [CountryName], [s].[CountryId]
FROM (
    SELECT TOP(@__p_0) [c].[Id], [c].[Name], [c].[StateId]
    FROM [Cities] AS [c]
    ORDER BY [c].[Name]
) AS [c0]
INNER JOIN [States] AS [s] ON [c0].[StateId] = [s].[Id]
INNER JOIN [Countries] AS [c1] ON [s].[CountryId] = [c1].[Id]
ORDER BY [c0].[Name]
[19:22:05 INF] (vicente.maria.vm17@gmail.com) Executing OkObjectResult, writing value of type 'AppProject.Models.SummariesResponse`1[[AppProject.Core.Models.General.CitySummary, AppProject.Core.Models, Version=1.0.0.0, Culture=neutral, PublicKeyToken=null]]'.
[19:22:05 INF] (vicente.maria.vm17@gmail.com) Executed action AppProject.Core.Controllers.General.CitySummaryController.GetSummariesAsync (AppProject.Core.Controllers.General) in 4.9096ms
[19:22:05 INF] (vicente.maria.vm17@gmail.com) Executed endpoint 'AppProject.Core.Controllers.General.CitySummaryController.GetSummariesAsync (AppProject.Core.Controllers.General)'
[19:22:05 INF] () Request finished HTTP/2 GET https://localhost:7121/api/general/CitySummary/GetSummaries?Take=100 - 200 null application/json; charset=utf-8 14.1721ms
