[13:32:47 INF] () Start installing Hangfire SQL objects...
[13:32:49 INF] () Hangfire SQL objects installed.
[13:32:52 INF] () Executed DbCommand (35ms) [Parameters=[], CommandType='"Text"', CommandTimeout='30']
SELECT 1
[13:32:52 INF] () Acquiring an exclusive lock for migration application. See https://aka.ms/efcore-docs-migrations-lock for more information if this takes too long.
[13:32:52 INF] () Executed DbCommand (84ms) [Parameters=[], CommandType='"Text"', CommandTimeout='30']
DECLARE @result int;
EXEC @result = sp_getapplock @Resource = '__EFMigrationsLock', @LockOwner = 'Session', @LockMode = 'Exclusive';
SELECT @result
[13:32:53 INF] () Executed DbCommand (3ms) [Parameters=[], CommandType='"Text"', CommandTimeout='30']
IF OBJECT_ID(N'[__EFMigrationsHistory]') IS NULL
BEGIN
    CREATE TABLE [__EFMigrationsHistory] (
        [MigrationId] nvarchar(150) NOT NULL,
        [ProductVersion] nvarchar(32) NOT NULL,
        CONSTRAINT [PK___EFMigrationsHistory] PRIMARY KEY ([MigrationId])
    );
END;
[13:32:53 INF] () Executed DbCommand (2ms) [Parameters=[], CommandType='"Text"', CommandTimeout='30']
SELECT 1
[13:32:53 INF] () Executed DbCommand (2ms) [Parameters=[], CommandType='"Text"', CommandTimeout='30']
SELECT OBJECT_ID(N'[__EFMigrationsHistory]');
[13:32:53 INF] () Executed DbCommand (9ms) [Parameters=[], CommandType='"Text"', CommandTimeout='30']
SELECT [MigrationId], [ProductVersion]
FROM [__EFMigrationsHistory]
ORDER BY [MigrationId];
[13:32:53 INF] () No migrations were applied. The database is already up to date.
[13:32:53 INF] () Executed DbCommand (3ms) [Parameters=[], CommandType='"Text"', CommandTimeout='30']
DECLARE @result int;
EXEC @result = sp_releaseapplock @Resource = '__EFMigrationsLock', @LockOwner = 'Session';
SELECT @result
[13:32:54 INF] () Executed DbCommand (19ms) [Parameters=[], CommandType='"Text"', CommandTimeout='30']
SELECT TOP(1) [u].[Id], [u].[CreatedAt], [u].[CreatedByUserId], [u].[CreatedByUserName], [u].[Email], [u].[IsSystemAdmin], [u].[Name], [u].[RowVersion], [u].[UpdatedAt], [u].[UpdatedByUserId], [u].[UpdatedByUserName]
FROM [Users] AS [u]
WHERE [u].[IsSystemAdmin] = CAST(1 AS bit)
[13:32:54 INF] () User profile is available. Using 'C:\Users\vicen\AppData\Local\ASP.NET\DataProtection-Keys' as key repository and Windows DPAPI to encrypt keys at rest.
[13:32:54 INF] () Now listening on: https://localhost:7121
[13:32:54 INF] () Starting Hangfire Server using job storage: 'SQL Server: localhost\SQLEXPRESS@AppProject'
[13:32:54 INF] () Using the following options for SQL Server job storage: Queue poll interval: 00:00:00.
[13:32:54 INF] () Using the following options for Hangfire Server:
    Worker count: 20
    Listening queues: 'default'
    Shutdown timeout: 00:00:15
    Schedule polling interval: 00:00:15
[13:32:54 INF] () Application started. Press Ctrl+C to shut down.
[13:32:54 INF] () Hosting environment: Development
[13:32:54 INF] () Content root path: C:\Course\dotnet-template\AppProject.Core.API
[13:32:54 INF] () Server desktop-0fm4m6s:21648:0f12f4c5 successfully announced in 61.748 ms
[13:32:54 INF] () Server desktop-0fm4m6s:21648:0f12f4c5 is starting the registered dispatchers: ServerWatchdog, ServerJobCancellationWatcher, SqlServerHeartbeatProcess, ExpirationManager, CountersAggregator, Worker, DelayedJobScheduler, RecurringJobScheduler...
[13:32:55 INF] () 1 servers were removed due to timeout
[13:32:55 INF] () Server desktop-0fm4m6s:21648:0f12f4c5 all the dispatchers started
[13:32:56 INF] () Starting job SampleJob at "2026-06-19T11:32:55.9951873Z".
[13:32:56 INF] () Executing SampleJob at "2026-06-19T11:32:56.0029249Z".
[13:32:56 INF] () Completed job SampleJob at "2026-06-19T11:32:56.0070341Z".
