[19:51:05 WRN] () No instantiatable types implementing `IEntityTypeConfiguration` were found while while scanning assembly 'AppProject.Core.Infraestructure.Database, Version=1.0.0.0, Culture=neutral, PublicKeyToken=null'.
[19:51:06 INF] () Executed DbCommand (23ms) [Parameters=[], CommandType='"Text"', CommandTimeout='30']
SELECT 1
[19:51:06 INF] () Acquiring an exclusive lock for migration application. See https://aka.ms/efcore-docs-migrations-lock for more information if this takes too long.
[19:51:06 INF] () Executed DbCommand (37ms) [Parameters=[], CommandType='"Text"', CommandTimeout='30']
DECLARE @result int;
EXEC @result = sp_getapplock @Resource = '__EFMigrationsLock', @LockOwner = 'Session', @LockMode = 'Exclusive';
SELECT @result
[19:51:06 INF] () Executed DbCommand (2ms) [Parameters=[], CommandType='"Text"', CommandTimeout='30']
IF OBJECT_ID(N'[__EFMigrationsHistory]') IS NULL
BEGIN
    CREATE TABLE [__EFMigrationsHistory] (
        [MigrationId] nvarchar(150) NOT NULL,
        [ProductVersion] nvarchar(32) NOT NULL,
        CONSTRAINT [PK___EFMigrationsHistory] PRIMARY KEY ([MigrationId])
    );
END;
[19:51:06 INF] () Executed DbCommand (1ms) [Parameters=[], CommandType='"Text"', CommandTimeout='30']
SELECT 1
[19:51:06 INF] () Executed DbCommand (1ms) [Parameters=[], CommandType='"Text"', CommandTimeout='30']
SELECT OBJECT_ID(N'[__EFMigrationsHistory]');
[19:51:06 INF] () Executed DbCommand (9ms) [Parameters=[], CommandType='"Text"', CommandTimeout='30']
SELECT [MigrationId], [ProductVersion]
FROM [__EFMigrationsHistory]
ORDER BY [MigrationId];
[19:51:06 INF] () No migrations were applied. The database is already up to date.
[19:51:06 INF] () Executed DbCommand (4ms) [Parameters=[], CommandType='"Text"', CommandTimeout='30']
DECLARE @result int;
EXEC @result = sp_releaseapplock @Resource = '__EFMigrationsLock', @LockOwner = 'Session';
SELECT @result
[19:51:07 INF] () Executed DbCommand (5ms) [Parameters=[], CommandType='"Text"', CommandTimeout='30']
SELECT TOP(1) [u].[Id], [u].[CreatedAt], [u].[CreatedByUserId], [u].[CreatedByUserName], [u].[Email], [u].[IsSystemAdmin], [u].[Name], [u].[RowVersion], [u].[UpdatedAt], [u].[UpdatedByUserId], [u].[UpdatedByUserName]
FROM [Users] AS [u]
WHERE [u].[IsSystemAdmin] = CAST(1 AS bit)
[19:51:07 INF] () User profile is available. Using 'C:\Users\vicen\AppData\Local\ASP.NET\DataProtection-Keys' as key repository and Windows DPAPI to encrypt keys at rest.
[19:51:07 INF] () Now listening on: https://localhost:7121
[19:51:07 INF] () Application started. Press Ctrl+C to shut down.
[19:51:07 INF] () Hosting environment: Development
[19:51:07 INF] () Content root path: C:\Course\dotnet-template\AppProject.Core.API
[19:51:21 INF] () Request starting HTTP/2 GET https://localhost:7121/swagger/index.html - null null
[19:51:21 INF] () Request finished HTTP/2 GET https://localhost:7121/swagger/index.html - 200 null text/html;charset=utf-8 105.7475ms
[19:51:21 INF] () Request starting HTTP/2 GET https://localhost:7121/swagger/v1/swagger.json - null null
[19:51:21 INF] () Request finished HTTP/2 GET https://localhost:7121/swagger/v1/swagger.json - 200 null application/json;charset=utf-8 99.9957ms
[19:57:55 INF] () Request starting HTTP/2 GET https://localhost:7121/api/general/Sample/GetLogSample - null null
[19:57:55 INF] (Anonymous) Executing endpoint 'AppProject.Core.Controllers.General.SampleController.GetLogSample (AppProject.Core.Controllers.General)'
[19:57:55 INF] (Anonymous) Route matched with {action = "GetLogSample", controller = "Sample"}. Executing controller action with signature System.String GetLogSample() on controller AppProject.Core.Controllers.General.SampleController (AppProject.Core.Controllers.General).
[19:57:55 INF] (Anonymous) This is a sample log message
[19:57:55 INF] (Anonymous) Executing ObjectResult, writing value of type 'System.String'.
[19:57:55 INF] (Anonymous) Executed action AppProject.Core.Controllers.General.SampleController.GetLogSample (AppProject.Core.Controllers.General) in 16.5438ms
[19:57:55 INF] (Anonymous) Executed endpoint 'AppProject.Core.Controllers.General.SampleController.GetLogSample (AppProject.Core.Controllers.General)'
[19:57:55 INF] () Request finished HTTP/2 GET https://localhost:7121/api/general/Sample/GetLogSample - 200 null text/plain; charset=utf-8 162.0257ms
[20:02:34 INF] () Request starting HTTP/2 GET https://localhost:7121/swagger/oauth2-redirect.html?code=JON-Mdh2ykxpwZm1uf7U_rR7suEpQ3vFaTkKx4_wyP8Bf&state=RnJpIE1heSAyMiAyMDI2IDIwOjAyOjIwIEdNVCswMjAwIChDZW50cmFsIEFmcmljYSBUaW1lKQ%3D%3D - null null
[20:02:34 INF] () Request finished HTTP/2 GET https://localhost:7121/swagger/oauth2-redirect.html?code=JON-Mdh2ykxpwZm1uf7U_rR7suEpQ3vFaTkKx4_wyP8Bf&state=RnJpIE1heSAyMiAyMDI2IDIwOjAyOjIwIEdNVCswMjAwIChDZW50cmFsIEFmcmljYSBUaW1lKQ%3D%3D - 200 101 text/html 39.9708ms
[20:02:43 INF] () Request starting HTTP/2 GET https://localhost:7121/api/general/Sample/GetLogSample - null null
[20:02:44 INF] (vicente.maria.vm17@gmail.com) Executing endpoint 'AppProject.Core.Controllers.General.SampleController.GetLogSample (AppProject.Core.Controllers.General)'
[20:02:44 INF] (vicente.maria.vm17@gmail.com) Route matched with {action = "GetLogSample", controller = "Sample"}. Executing controller action with signature System.String GetLogSample() on controller AppProject.Core.Controllers.General.SampleController (AppProject.Core.Controllers.General).
[20:02:44 INF] (vicente.maria.vm17@gmail.com) This is a sample log message
[20:02:44 INF] (vicente.maria.vm17@gmail.com) Executing ObjectResult, writing value of type 'System.String'.
[20:02:44 INF] (vicente.maria.vm17@gmail.com) Executed action AppProject.Core.Controllers.General.SampleController.GetLogSample (AppProject.Core.Controllers.General) in 4.4253ms
[20:02:44 INF] (vicente.maria.vm17@gmail.com) Executed endpoint 'AppProject.Core.Controllers.General.SampleController.GetLogSample (AppProject.Core.Controllers.General)'
[20:02:44 INF] () Request finished HTTP/2 GET https://localhost:7121/api/general/Sample/GetLogSample - 200 null text/plain; charset=utf-8 1109.3494ms
