[10:54:28 INF] () Start installing Hangfire SQL objects...
[10:54:29 INF] () Hangfire SQL objects installed.
[10:54:31 INF] () Executed DbCommand (17ms) [Parameters=[], CommandType='"Text"', CommandTimeout='30']
SELECT 1
[10:54:31 INF] () Acquiring an exclusive lock for migration application. See https://aka.ms/efcore-docs-migrations-lock for more information if this takes too long.
[10:54:31 INF] () Executed DbCommand (14ms) [Parameters=[], CommandType='"Text"', CommandTimeout='30']
DECLARE @result int;
EXEC @result = sp_getapplock @Resource = '__EFMigrationsLock', @LockOwner = 'Session', @LockMode = 'Exclusive';
SELECT @result
[10:54:31 INF] () Executed DbCommand (6ms) [Parameters=[], CommandType='"Text"', CommandTimeout='30']
IF OBJECT_ID(N'[__EFMigrationsHistory]') IS NULL
BEGIN
    CREATE TABLE [__EFMigrationsHistory] (
        [MigrationId] nvarchar(150) NOT NULL,
        [ProductVersion] nvarchar(32) NOT NULL,
        CONSTRAINT [PK___EFMigrationsHistory] PRIMARY KEY ([MigrationId])
    );
END;
[10:54:31 INF] () Executed DbCommand (2ms) [Parameters=[], CommandType='"Text"', CommandTimeout='30']
SELECT 1
[10:54:31 INF] () Executed DbCommand (1ms) [Parameters=[], CommandType='"Text"', CommandTimeout='30']
SELECT OBJECT_ID(N'[__EFMigrationsHistory]');
[10:54:31 INF] () Executed DbCommand (4ms) [Parameters=[], CommandType='"Text"', CommandTimeout='30']
SELECT [MigrationId], [ProductVersion]
FROM [__EFMigrationsHistory]
ORDER BY [MigrationId];
[10:54:31 INF] () No migrations were applied. The database is already up to date.
[10:54:31 INF] () Executed DbCommand (1ms) [Parameters=[], CommandType='"Text"', CommandTimeout='30']
DECLARE @result int;
EXEC @result = sp_releaseapplock @Resource = '__EFMigrationsLock', @LockOwner = 'Session';
SELECT @result
[10:54:31 INF] () Executed DbCommand (9ms) [Parameters=[], CommandType='"Text"', CommandTimeout='30']
SELECT TOP(1) [u].[Id], [u].[CreatedAt], [u].[CreatedByUserId], [u].[CreatedByUserName], [u].[Email], [u].[IsSystemAdmin], [u].[Name], [u].[RowVersion], [u].[UpdatedAt], [u].[UpdatedByUserId], [u].[UpdatedByUserName]
FROM [Users] AS [u]
WHERE [u].[IsSystemAdmin] = CAST(1 AS bit)
[10:54:31 INF] () User profile is available. Using 'C:\Users\vicen\AppData\Local\ASP.NET\DataProtection-Keys' as key repository and Windows DPAPI to encrypt keys at rest.
[10:54:31 INF] () Now listening on: https://localhost:7121
[10:54:31 INF] () Starting Hangfire Server using job storage: 'SQL Server: localhost\SQLEXPRESS@AppProject'
[10:54:31 INF] () Using the following options for SQL Server job storage: Queue poll interval: 00:00:00.
[10:54:31 INF] () Using the following options for Hangfire Server:
    Worker count: 20
    Listening queues: 'default'
    Shutdown timeout: 00:00:15
    Schedule polling interval: 00:00:15
[10:54:32 INF] () Application started. Press Ctrl+C to shut down.
[10:54:32 INF] () Hosting environment: Development
[10:54:32 INF] () Content root path: C:\Course\dotnet-template\AppProject.Core.API
[10:54:32 INF] () Server desktop-0fm4m6s:30460:959a0db9 successfully announced in 80.4307 ms
[10:54:32 INF] () Server desktop-0fm4m6s:30460:959a0db9 is starting the registered dispatchers: ServerWatchdog, ServerJobCancellationWatcher, SqlServerHeartbeatProcess, ExpirationManager, CountersAggregator, Worker, DelayedJobScheduler, RecurringJobScheduler...
[10:54:32 INF] () 1 servers were removed due to timeout
[10:54:32 INF] () Server desktop-0fm4m6s:30460:959a0db9 all the dispatchers started
[10:54:32 INF] () Starting job SampleJob at "2026-07-11T08:54:32.6857040Z".
[10:54:32 INF] () Executing SampleJob at "2026-07-11T08:54:32.6891534Z".
[10:54:32 INF] () Completed job SampleJob at "2026-07-11T08:54:32.6913459Z".
[11:01:03 INF] () Request starting HTTP/2 OPTIONS https://localhost:7121/api/auth/Permission/GetCurrentUserPermissions - null null
[11:01:03 INF] () CORS policy execution successful.
[11:01:03 INF] () Request finished HTTP/2 OPTIONS https://localhost:7121/api/auth/Permission/GetCurrentUserPermissions - 204 null null 67.1586ms
[11:01:03 INF] () Request starting HTTP/2 GET https://localhost:7121/api/auth/Permission/GetCurrentUserPermissions - null null
[11:01:03 INF] () CORS policy execution successful.
[11:01:04 INF] (vicente.maria.vm17@gmail.com) Executing endpoint 'AppProject.Core.API.Controllers.Auth.PermissionController.GetCurrentUserPermissionsAsync (AppProject.Core.API)'
[11:01:04 INF] (vicente.maria.vm17@gmail.com) Route matched with {action = "GetCurrentUserPermissions", controller = "Permission"}. Executing controller action with signature System.Threading.Tasks.Task`1[Microsoft.AspNetCore.Mvc.IActionResult] GetCurrentUserPermissionsAsync(AppProject.Models.Auth.PermissionContext, System.Threading.CancellationToken) on controller AppProject.Core.API.Controllers.Auth.PermissionController (AppProject.Core.API).
[11:01:04 INF] () Executed DbCommand (2ms) [Parameters=[], CommandType='"Text"', CommandTimeout='30']
SELECT TOP(1) [u].[Id], [u].[CreatedAt], [u].[CreatedByUserId], [u].[CreatedByUserName], [u].[Email], [u].[IsSystemAdmin], [u].[Name], [u].[RowVersion], [u].[UpdatedAt], [u].[UpdatedByUserId], [u].[UpdatedByUserName]
FROM [Users] AS [u]
WHERE [u].[IsSystemAdmin] = CAST(1 AS bit)
[11:01:04 INF] (vicente.maria.vm17@gmail.com) Executing OkObjectResult, writing value of type 'AppProject.Models.Auth.PermissionType[]'.
[11:01:04 INF] (vicente.maria.vm17@gmail.com) Executed action AppProject.Core.API.Controllers.Auth.PermissionController.GetCurrentUserPermissionsAsync (AppProject.Core.API) in 133.3078ms
[11:01:04 INF] (vicente.maria.vm17@gmail.com) Executed endpoint 'AppProject.Core.API.Controllers.Auth.PermissionController.GetCurrentUserPermissionsAsync (AppProject.Core.API)'
[11:01:04 INF] () Request finished HTTP/2 GET https://localhost:7121/api/auth/Permission/GetCurrentUserPermissions - 200 null application/json; charset=utf-8 963.4246ms
[11:02:45 INF] () Request starting HTTP/2 OPTIONS https://localhost:7121/api/auth/Permission/GetCurrentUserPermissions - null null
[11:02:45 INF] () CORS policy execution successful.
[11:02:45 INF] () Request finished HTTP/2 OPTIONS https://localhost:7121/api/auth/Permission/GetCurrentUserPermissions - 204 null null 5.9211ms
[11:02:45 INF] () Request starting HTTP/2 GET https://localhost:7121/api/auth/Permission/GetCurrentUserPermissions - null null
[11:02:45 INF] () CORS policy execution successful.
[11:02:45 INF] (vicente.maria.vm17@gmail.com) Executing endpoint 'AppProject.Core.API.Controllers.Auth.PermissionController.GetCurrentUserPermissionsAsync (AppProject.Core.API)'
[11:02:45 INF] (vicente.maria.vm17@gmail.com) Route matched with {action = "GetCurrentUserPermissions", controller = "Permission"}. Executing controller action with signature System.Threading.Tasks.Task`1[Microsoft.AspNetCore.Mvc.IActionResult] GetCurrentUserPermissionsAsync(AppProject.Models.Auth.PermissionContext, System.Threading.CancellationToken) on controller AppProject.Core.API.Controllers.Auth.PermissionController (AppProject.Core.API).
[11:02:45 INF] (vicente.maria.vm17@gmail.com) Executing OkObjectResult, writing value of type 'AppProject.Models.Auth.PermissionType[]'.
[11:02:45 INF] (vicente.maria.vm17@gmail.com) Executed action AppProject.Core.API.Controllers.Auth.PermissionController.GetCurrentUserPermissionsAsync (AppProject.Core.API) in 3.8118ms
[11:02:45 INF] (vicente.maria.vm17@gmail.com) Executed endpoint 'AppProject.Core.API.Controllers.Auth.PermissionController.GetCurrentUserPermissionsAsync (AppProject.Core.API)'
[11:02:45 INF] () Request finished HTTP/2 GET https://localhost:7121/api/auth/Permission/GetCurrentUserPermissions - 200 null application/json; charset=utf-8 57.5322ms
[11:03:06 INF] () Request starting HTTP/2 OPTIONS https://localhost:7121/api/auth/Permission/GetCurrentUserPermissions - null null
[11:03:06 INF] () CORS policy execution successful.
[11:03:06 INF] () Request finished HTTP/2 OPTIONS https://localhost:7121/api/auth/Permission/GetCurrentUserPermissions - 204 null null 5.535ms
[11:03:06 INF] () Request starting HTTP/2 GET https://localhost:7121/api/auth/Permission/GetCurrentUserPermissions - null null
[11:03:06 INF] () CORS policy execution successful.
[11:03:06 INF] (vicente.maria.vm17@gmail.com) Executing endpoint 'AppProject.Core.API.Controllers.Auth.PermissionController.GetCurrentUserPermissionsAsync (AppProject.Core.API)'
[11:03:06 INF] (vicente.maria.vm17@gmail.com) Route matched with {action = "GetCurrentUserPermissions", controller = "Permission"}. Executing controller action with signature System.Threading.Tasks.Task`1[Microsoft.AspNetCore.Mvc.IActionResult] GetCurrentUserPermissionsAsync(AppProject.Models.Auth.PermissionContext, System.Threading.CancellationToken) on controller AppProject.Core.API.Controllers.Auth.PermissionController (AppProject.Core.API).
[11:03:06 INF] (vicente.maria.vm17@gmail.com) Executing OkObjectResult, writing value of type 'AppProject.Models.Auth.PermissionType[]'.
[11:03:06 INF] (vicente.maria.vm17@gmail.com) Executed action AppProject.Core.API.Controllers.Auth.PermissionController.GetCurrentUserPermissionsAsync (AppProject.Core.API) in 8.9012ms
[11:03:06 INF] (vicente.maria.vm17@gmail.com) Executed endpoint 'AppProject.Core.API.Controllers.Auth.PermissionController.GetCurrentUserPermissionsAsync (AppProject.Core.API)'
[11:03:06 INF] () Request finished HTTP/2 GET https://localhost:7121/api/auth/Permission/GetCurrentUserPermissions - 200 null application/json; charset=utf-8 58.8541ms
[11:05:20 INF] () Start installing Hangfire SQL objects...
[11:05:20 INF] () Hangfire SQL objects installed.
[11:05:21 INF] () Executed DbCommand (16ms) [Parameters=[], CommandType='"Text"', CommandTimeout='30']
SELECT 1
[11:05:21 INF] () Acquiring an exclusive lock for migration application. See https://aka.ms/efcore-docs-migrations-lock for more information if this takes too long.
[11:05:22 INF] () Executed DbCommand (16ms) [Parameters=[], CommandType='"Text"', CommandTimeout='30']
DECLARE @result int;
EXEC @result = sp_getapplock @Resource = '__EFMigrationsLock', @LockOwner = 'Session', @LockMode = 'Exclusive';
SELECT @result
[11:05:22 INF] () Executed DbCommand (1ms) [Parameters=[], CommandType='"Text"', CommandTimeout='30']
IF OBJECT_ID(N'[__EFMigrationsHistory]') IS NULL
BEGIN
    CREATE TABLE [__EFMigrationsHistory] (
        [MigrationId] nvarchar(150) NOT NULL,
        [ProductVersion] nvarchar(32) NOT NULL,
        CONSTRAINT [PK___EFMigrationsHistory] PRIMARY KEY ([MigrationId])
    );
END;
[11:05:22 INF] () Executed DbCommand (1ms) [Parameters=[], CommandType='"Text"', CommandTimeout='30']
SELECT 1
[11:05:22 INF] () Executed DbCommand (1ms) [Parameters=[], CommandType='"Text"', CommandTimeout='30']
SELECT OBJECT_ID(N'[__EFMigrationsHistory]');
[11:05:22 INF] () Executed DbCommand (3ms) [Parameters=[], CommandType='"Text"', CommandTimeout='30']
SELECT [MigrationId], [ProductVersion]
FROM [__EFMigrationsHistory]
ORDER BY [MigrationId];
[11:05:22 INF] () No migrations were applied. The database is already up to date.
[11:05:22 INF] () Executed DbCommand (1ms) [Parameters=[], CommandType='"Text"', CommandTimeout='30']
DECLARE @result int;
EXEC @result = sp_releaseapplock @Resource = '__EFMigrationsLock', @LockOwner = 'Session';
SELECT @result
[11:05:22 INF] () Executed DbCommand (4ms) [Parameters=[], CommandType='"Text"', CommandTimeout='30']
SELECT TOP(1) [u].[Id], [u].[CreatedAt], [u].[CreatedByUserId], [u].[CreatedByUserName], [u].[Email], [u].[IsSystemAdmin], [u].[Name], [u].[RowVersion], [u].[UpdatedAt], [u].[UpdatedByUserId], [u].[UpdatedByUserName]
FROM [Users] AS [u]
WHERE [u].[IsSystemAdmin] = CAST(1 AS bit)
[11:05:22 INF] () User profile is available. Using 'C:\Users\vicen\AppData\Local\ASP.NET\DataProtection-Keys' as key repository and Windows DPAPI to encrypt keys at rest.
[11:05:22 INF] () Now listening on: https://localhost:7121
[11:05:22 INF] () Starting Hangfire Server using job storage: 'SQL Server: localhost\SQLEXPRESS@AppProject'
[11:05:22 INF] () Using the following options for SQL Server job storage: Queue poll interval: 00:00:00.
[11:05:22 INF] () Using the following options for Hangfire Server:
    Worker count: 20
    Listening queues: 'default'
    Shutdown timeout: 00:00:15
    Schedule polling interval: 00:00:15
[11:05:22 INF] () Application started. Press Ctrl+C to shut down.
[11:05:22 INF] () Hosting environment: Development
[11:05:22 INF] () Content root path: C:\Course\dotnet-template\AppProject.Core.API
[11:05:22 INF] () Server desktop-0fm4m6s:16980:17bde69e successfully announced in 17.8173 ms
[11:05:22 INF] () Server desktop-0fm4m6s:16980:17bde69e is starting the registered dispatchers: ServerWatchdog, ServerJobCancellationWatcher, SqlServerHeartbeatProcess, ExpirationManager, CountersAggregator, Worker, DelayedJobScheduler, RecurringJobScheduler...
[11:05:22 INF] () Server desktop-0fm4m6s:16980:17bde69e all the dispatchers started
[11:06:28 INF] () Request starting HTTP/2 OPTIONS https://localhost:7121/api/auth/Permission/GetCurrentUserPermissions - null null
[11:06:28 INF] () CORS policy execution successful.
[11:06:28 INF] () Request finished HTTP/2 OPTIONS https://localhost:7121/api/auth/Permission/GetCurrentUserPermissions - 204 null null 61.273ms
[11:06:28 INF] () Request starting HTTP/2 GET https://localhost:7121/api/auth/Permission/GetCurrentUserPermissions - null null
[11:06:28 INF] () CORS policy execution successful.
[11:06:29 INF] (vicente.maria.vm17@gmail.com) Executing endpoint 'AppProject.Core.API.Controllers.Auth.PermissionController.GetCurrentUserPermissionsAsync (AppProject.Core.API)'
[11:06:29 INF] (vicente.maria.vm17@gmail.com) Route matched with {action = "GetCurrentUserPermissions", controller = "Permission"}. Executing controller action with signature System.Threading.Tasks.Task`1[Microsoft.AspNetCore.Mvc.IActionResult] GetCurrentUserPermissionsAsync(AppProject.Models.Auth.PermissionContext, System.Threading.CancellationToken) on controller AppProject.Core.API.Controllers.Auth.PermissionController (AppProject.Core.API).
[11:06:29 INF] () Executed DbCommand (2ms) [Parameters=[], CommandType='"Text"', CommandTimeout='30']
SELECT TOP(1) [u].[Id], [u].[CreatedAt], [u].[CreatedByUserId], [u].[CreatedByUserName], [u].[Email], [u].[IsSystemAdmin], [u].[Name], [u].[RowVersion], [u].[UpdatedAt], [u].[UpdatedByUserId], [u].[UpdatedByUserName]
FROM [Users] AS [u]
WHERE [u].[IsSystemAdmin] = CAST(1 AS bit)
[11:06:29 INF] (vicente.maria.vm17@gmail.com) Executing OkObjectResult, writing value of type 'AppProject.Models.Auth.PermissionType[]'.
[11:06:29 INF] (vicente.maria.vm17@gmail.com) Executed action AppProject.Core.API.Controllers.Auth.PermissionController.GetCurrentUserPermissionsAsync (AppProject.Core.API) in 127.7529ms
[11:06:29 INF] (vicente.maria.vm17@gmail.com) Executed endpoint 'AppProject.Core.API.Controllers.Auth.PermissionController.GetCurrentUserPermissionsAsync (AppProject.Core.API)'
[11:06:29 INF] () Request finished HTTP/2 GET https://localhost:7121/api/auth/Permission/GetCurrentUserPermissions - 200 null application/json; charset=utf-8 912.1596ms
[11:10:22 INF] () 1 servers were removed due to timeout
[11:14:33 INF] () Request starting HTTP/2 OPTIONS https://localhost:7121/api/general/StateSummary/GetSummaries?Take=100 - null null
[11:14:33 INF] () CORS policy execution successful.
[11:14:33 INF] () Request finished HTTP/2 OPTIONS https://localhost:7121/api/general/StateSummary/GetSummaries?Take=100 - 204 null null 42.5101ms
[11:14:33 INF] () Request starting HTTP/2 GET https://localhost:7121/api/general/StateSummary/GetSummaries?Take=100 - null null
[11:14:33 INF] () CORS policy execution successful.
[11:14:33 INF] (vicente.maria.vm17@gmail.com) Executing endpoint 'AppProject.Core.Controllers.General.StateSummaryController.GetSummariesAsync (AppProject.Core.Controllers.General)'
[11:14:33 INF] (vicente.maria.vm17@gmail.com) Route matched with {action = "GetSummaries", controller = "StateSummary"}. Executing controller action with signature System.Threading.Tasks.Task`1[Microsoft.AspNetCore.Mvc.IActionResult] GetSummariesAsync(AppProject.Core.Models.General.StateSummarySearchRequest, System.Threading.CancellationToken) on controller AppProject.Core.Controllers.General.StateSummaryController (AppProject.Core.Controllers.General).
[11:14:33 INF] (vicente.maria.vm17@gmail.com) Executed DbCommand (6ms) [Parameters=[@__p_0='?' (DbType = Int32)], CommandType='"Text"', CommandTimeout='30']
SELECT [s0].[Id], [s0].[Name], [c].[Name] AS [CountryName], [s0].[CountryId]
FROM (
    SELECT TOP(@__p_0) [s].[Id], [s].[CountryId], [s].[Name]
    FROM [States] AS [s]
    ORDER BY [s].[Name]
) AS [s0]
INNER JOIN [Countries] AS [c] ON [s0].[CountryId] = [c].[Id]
ORDER BY [s0].[Name]
[11:14:33 INF] (vicente.maria.vm17@gmail.com) Executing OkObjectResult, writing value of type 'AppProject.Models.SummariesResponse`1[[AppProject.Core.Models.General.StateSummary, AppProject.Core.Models, Version=1.0.0.0, Culture=neutral, PublicKeyToken=null]]'.
[11:14:33 INF] (vicente.maria.vm17@gmail.com) Executed action AppProject.Core.Controllers.General.StateSummaryController.GetSummariesAsync (AppProject.Core.Controllers.General) in 153.1351ms
[11:14:33 INF] (vicente.maria.vm17@gmail.com) Executed endpoint 'AppProject.Core.Controllers.General.StateSummaryController.GetSummariesAsync (AppProject.Core.Controllers.General)'
[11:14:33 INF] () Request finished HTTP/2 GET https://localhost:7121/api/general/StateSummary/GetSummaries?Take=100 - 200 null application/json; charset=utf-8 203.4587ms
[11:15:07 INF] () Request starting HTTP/2 OPTIONS https://localhost:7121/api/general/StateSummary/GetSummaries?Take=100&SearchText=Kam - null null
[11:15:07 INF] () CORS policy execution successful.
[11:15:07 INF] () Request finished HTTP/2 OPTIONS https://localhost:7121/api/general/StateSummary/GetSummaries?Take=100&SearchText=Kam - 204 null null 3.7092ms
[11:15:07 INF] () Request starting HTTP/2 GET https://localhost:7121/api/general/StateSummary/GetSummaries?Take=100&SearchText=Kam - null null
[11:15:07 INF] () CORS policy execution successful.
[11:15:07 INF] (vicente.maria.vm17@gmail.com) Executing endpoint 'AppProject.Core.Controllers.General.StateSummaryController.GetSummariesAsync (AppProject.Core.Controllers.General)'
[11:15:07 INF] (vicente.maria.vm17@gmail.com) Route matched with {action = "GetSummaries", controller = "StateSummary"}. Executing controller action with signature System.Threading.Tasks.Task`1[Microsoft.AspNetCore.Mvc.IActionResult] GetSummariesAsync(AppProject.Core.Models.General.StateSummarySearchRequest, System.Threading.CancellationToken) on controller AppProject.Core.Controllers.General.StateSummaryController (AppProject.Core.Controllers.General).
[11:15:07 INF] (vicente.maria.vm17@gmail.com) Executed DbCommand (6ms) [Parameters=[@__p_1='?' (DbType = Int32), @__searchText_0_contains='?' (Size = 36) (DbType = AnsiString), @__searchText_0_contains_1='?' (Size = 200)], CommandType='"Text"', CommandTimeout='30']
SELECT [s0].[Id], [s0].[Name], [c].[Name] AS [CountryName], [s0].[CountryId]
FROM (
    SELECT TOP(@__p_1) [s].[Id], [s].[CountryId], [s].[Name]
    FROM [States] AS [s]
    WHERE CONVERT(varchar(36), [s].[Id]) LIKE @__searchText_0_contains ESCAPE '\' OR [s].[Name] LIKE @__searchText_0_contains_1 ESCAPE N'\' OR COALESCE([s].[Code], N'') LIKE @__searchText_0_contains_1 ESCAPE N'\'
    ORDER BY [s].[Name]
) AS [s0]
INNER JOIN [Countries] AS [c] ON [s0].[CountryId] = [c].[Id]
ORDER BY [s0].[Name]
[11:15:07 INF] (vicente.maria.vm17@gmail.com) Executing OkObjectResult, writing value of type 'AppProject.Models.SummariesResponse`1[[AppProject.Core.Models.General.StateSummary, AppProject.Core.Models, Version=1.0.0.0, Culture=neutral, PublicKeyToken=null]]'.
[11:15:07 INF] (vicente.maria.vm17@gmail.com) Executed action AppProject.Core.Controllers.General.StateSummaryController.GetSummariesAsync (AppProject.Core.Controllers.General) in 55.5592ms
[11:15:07 INF] (vicente.maria.vm17@gmail.com) Executed endpoint 'AppProject.Core.Controllers.General.StateSummaryController.GetSummariesAsync (AppProject.Core.Controllers.General)'
[11:15:07 INF] () Request finished HTTP/2 GET https://localhost:7121/api/general/StateSummary/GetSummaries?Take=100&SearchText=Kam - 200 null application/json; charset=utf-8 110.908ms
[11:15:15 INF] () Request starting HTTP/2 OPTIONS https://localhost:7121/api/general/StateSummary/GetSummaries?Take=100&SearchText=vot - null null
[11:15:15 INF] () CORS policy execution successful.
[11:15:15 INF] () Request finished HTTP/2 OPTIONS https://localhost:7121/api/general/StateSummary/GetSummaries?Take=100&SearchText=vot - 204 null null 3.3922ms
[11:15:15 INF] () Request starting HTTP/2 GET https://localhost:7121/api/general/StateSummary/GetSummaries?Take=100&SearchText=vot - null null
[11:15:15 INF] () CORS policy execution successful.
[11:15:15 INF] (vicente.maria.vm17@gmail.com) Executing endpoint 'AppProject.Core.Controllers.General.StateSummaryController.GetSummariesAsync (AppProject.Core.Controllers.General)'
[11:15:15 INF] (vicente.maria.vm17@gmail.com) Route matched with {action = "GetSummaries", controller = "StateSummary"}. Executing controller action with signature System.Threading.Tasks.Task`1[Microsoft.AspNetCore.Mvc.IActionResult] GetSummariesAsync(AppProject.Core.Models.General.StateSummarySearchRequest, System.Threading.CancellationToken) on controller AppProject.Core.Controllers.General.StateSummaryController (AppProject.Core.Controllers.General).
[11:15:15 INF] (vicente.maria.vm17@gmail.com) Executed DbCommand (0ms) [Parameters=[@__p_1='?' (DbType = Int32), @__searchText_0_contains='?' (Size = 36) (DbType = AnsiString), @__searchText_0_contains_1='?' (Size = 200)], CommandType='"Text"', CommandTimeout='30']
SELECT [s0].[Id], [s0].[Name], [c].[Name] AS [CountryName], [s0].[CountryId]
FROM (
    SELECT TOP(@__p_1) [s].[Id], [s].[CountryId], [s].[Name]
    FROM [States] AS [s]
    WHERE CONVERT(varchar(36), [s].[Id]) LIKE @__searchText_0_contains ESCAPE '\' OR [s].[Name] LIKE @__searchText_0_contains_1 ESCAPE N'\' OR COALESCE([s].[Code], N'') LIKE @__searchText_0_contains_1 ESCAPE N'\'
    ORDER BY [s].[Name]
) AS [s0]
INNER JOIN [Countries] AS [c] ON [s0].[CountryId] = [c].[Id]
ORDER BY [s0].[Name]
[11:15:15 INF] (vicente.maria.vm17@gmail.com) Executing OkObjectResult, writing value of type 'AppProject.Models.SummariesResponse`1[[AppProject.Core.Models.General.StateSummary, AppProject.Core.Models, Version=1.0.0.0, Culture=neutral, PublicKeyToken=null]]'.
[11:15:15 INF] (vicente.maria.vm17@gmail.com) Executed action AppProject.Core.Controllers.General.StateSummaryController.GetSummariesAsync (AppProject.Core.Controllers.General) in 9.8559ms
[11:15:15 INF] (vicente.maria.vm17@gmail.com) Executed endpoint 'AppProject.Core.Controllers.General.StateSummaryController.GetSummariesAsync (AppProject.Core.Controllers.General)'
[11:15:15 INF] () Request finished HTTP/2 GET https://localhost:7121/api/general/StateSummary/GetSummaries?Take=100&SearchText=vot - 200 null application/json; charset=utf-8 45.1569ms
[11:15:23 INF] () Request starting HTTP/2 OPTIONS https://localhost:7121/api/general/StateSummary/GetSummaries?Take=100&SearchText=it - null null
[11:15:23 INF] () CORS policy execution successful.
[11:15:23 INF] () Request finished HTTP/2 OPTIONS https://localhost:7121/api/general/StateSummary/GetSummaries?Take=100&SearchText=it - 204 null null 3.9715ms
[11:15:23 INF] () Request starting HTTP/2 GET https://localhost:7121/api/general/StateSummary/GetSummaries?Take=100&SearchText=it - null null
[11:15:23 INF] () CORS policy execution successful.
[11:15:23 INF] (vicente.maria.vm17@gmail.com) Executing endpoint 'AppProject.Core.Controllers.General.StateSummaryController.GetSummariesAsync (AppProject.Core.Controllers.General)'
[11:15:23 INF] (vicente.maria.vm17@gmail.com) Route matched with {action = "GetSummaries", controller = "StateSummary"}. Executing controller action with signature System.Threading.Tasks.Task`1[Microsoft.AspNetCore.Mvc.IActionResult] GetSummariesAsync(AppProject.Core.Models.General.StateSummarySearchRequest, System.Threading.CancellationToken) on controller AppProject.Core.Controllers.General.StateSummaryController (AppProject.Core.Controllers.General).
[11:15:23 INF] (vicente.maria.vm17@gmail.com) Executed DbCommand (0ms) [Parameters=[@__p_1='?' (DbType = Int32), @__searchText_0_contains='?' (Size = 36) (DbType = AnsiString), @__searchText_0_contains_1='?' (Size = 200)], CommandType='"Text"', CommandTimeout='30']
SELECT [s0].[Id], [s0].[Name], [c].[Name] AS [CountryName], [s0].[CountryId]
FROM (
    SELECT TOP(@__p_1) [s].[Id], [s].[CountryId], [s].[Name]
    FROM [States] AS [s]
    WHERE CONVERT(varchar(36), [s].[Id]) LIKE @__searchText_0_contains ESCAPE '\' OR [s].[Name] LIKE @__searchText_0_contains_1 ESCAPE N'\' OR COALESCE([s].[Code], N'') LIKE @__searchText_0_contains_1 ESCAPE N'\'
    ORDER BY [s].[Name]
) AS [s0]
INNER JOIN [Countries] AS [c] ON [s0].[CountryId] = [c].[Id]
ORDER BY [s0].[Name]
[11:15:23 INF] (vicente.maria.vm17@gmail.com) Executing OkObjectResult, writing value of type 'AppProject.Models.SummariesResponse`1[[AppProject.Core.Models.General.StateSummary, AppProject.Core.Models, Version=1.0.0.0, Culture=neutral, PublicKeyToken=null]]'.
[11:15:23 INF] (vicente.maria.vm17@gmail.com) Executed action AppProject.Core.Controllers.General.StateSummaryController.GetSummariesAsync (AppProject.Core.Controllers.General) in 6.2446ms
[11:15:23 INF] (vicente.maria.vm17@gmail.com) Executed endpoint 'AppProject.Core.Controllers.General.StateSummaryController.GetSummariesAsync (AppProject.Core.Controllers.General)'
[11:15:23 INF] () Request finished HTTP/2 GET https://localhost:7121/api/general/StateSummary/GetSummaries?Take=100&SearchText=it - 200 null application/json; charset=utf-8 50.4825ms
[11:19:39 INF] () Request starting HTTP/2 OPTIONS https://localhost:7121/api/general/StateSummary/GetSummaries?Take=1&SearchText= - null null
[11:19:39 INF] () CORS policy execution successful.
[11:19:39 INF] () Request finished HTTP/2 OPTIONS https://localhost:7121/api/general/StateSummary/GetSummaries?Take=1&SearchText= - 204 null null 3.3898ms
[11:19:39 INF] () Request starting HTTP/2 GET https://localhost:7121/api/general/StateSummary/GetSummaries?Take=1&SearchText= - null null
[11:19:39 INF] () CORS policy execution successful.
[11:19:39 INF] (vicente.maria.vm17@gmail.com) Executing endpoint 'AppProject.Core.Controllers.General.StateSummaryController.GetSummariesAsync (AppProject.Core.Controllers.General)'
[11:19:39 INF] (vicente.maria.vm17@gmail.com) Route matched with {action = "GetSummaries", controller = "StateSummary"}. Executing controller action with signature System.Threading.Tasks.Task`1[Microsoft.AspNetCore.Mvc.IActionResult] GetSummariesAsync(AppProject.Core.Models.General.StateSummarySearchRequest, System.Threading.CancellationToken) on controller AppProject.Core.Controllers.General.StateSummaryController (AppProject.Core.Controllers.General).
[11:19:39 INF] (vicente.maria.vm17@gmail.com) Executed DbCommand (3ms) [Parameters=[@__p_0='?' (DbType = Int32)], CommandType='"Text"', CommandTimeout='30']
SELECT [s0].[Id], [s0].[Name], [c].[Name] AS [CountryName], [s0].[CountryId]
FROM (
    SELECT TOP(@__p_0) [s].[Id], [s].[CountryId], [s].[Name]
    FROM [States] AS [s]
    ORDER BY [s].[Name]
) AS [s0]
INNER JOIN [Countries] AS [c] ON [s0].[CountryId] = [c].[Id]
ORDER BY [s0].[Name]
[11:19:39 INF] (vicente.maria.vm17@gmail.com) Executing OkObjectResult, writing value of type 'AppProject.Models.SummariesResponse`1[[AppProject.Core.Models.General.StateSummary, AppProject.Core.Models, Version=1.0.0.0, Culture=neutral, PublicKeyToken=null]]'.
[11:19:39 INF] (vicente.maria.vm17@gmail.com) Executed action AppProject.Core.Controllers.General.StateSummaryController.GetSummariesAsync (AppProject.Core.Controllers.General) in 7.9773ms
[11:19:39 INF] (vicente.maria.vm17@gmail.com) Executed endpoint 'AppProject.Core.Controllers.General.StateSummaryController.GetSummariesAsync (AppProject.Core.Controllers.General)'
[11:19:39 INF] () Request finished HTTP/2 GET https://localhost:7121/api/general/StateSummary/GetSummaries?Take=1&SearchText= - 200 null application/json; charset=utf-8 17.5865ms
[11:19:50 INF] () Request starting HTTP/2 OPTIONS https://localhost:7121/api/general/StateSummary/GetSummaries?Take=100&SearchText= - null null
[11:19:50 INF] () CORS policy execution successful.
[11:19:50 INF] () Request finished HTTP/2 OPTIONS https://localhost:7121/api/general/StateSummary/GetSummaries?Take=100&SearchText= - 204 null null 3.6319ms
[11:19:50 INF] () Request starting HTTP/2 GET https://localhost:7121/api/general/StateSummary/GetSummaries?Take=100&SearchText= - null null
[11:19:50 INF] () CORS policy execution successful.
[11:19:50 INF] (vicente.maria.vm17@gmail.com) Executing endpoint 'AppProject.Core.Controllers.General.StateSummaryController.GetSummariesAsync (AppProject.Core.Controllers.General)'
[11:19:50 INF] (vicente.maria.vm17@gmail.com) Route matched with {action = "GetSummaries", controller = "StateSummary"}. Executing controller action with signature System.Threading.Tasks.Task`1[Microsoft.AspNetCore.Mvc.IActionResult] GetSummariesAsync(AppProject.Core.Models.General.StateSummarySearchRequest, System.Threading.CancellationToken) on controller AppProject.Core.Controllers.General.StateSummaryController (AppProject.Core.Controllers.General).
[11:19:50 INF] (vicente.maria.vm17@gmail.com) Executed DbCommand (0ms) [Parameters=[@__p_0='?' (DbType = Int32)], CommandType='"Text"', CommandTimeout='30']
SELECT [s0].[Id], [s0].[Name], [c].[Name] AS [CountryName], [s0].[CountryId]
FROM (
    SELECT TOP(@__p_0) [s].[Id], [s].[CountryId], [s].[Name]
    FROM [States] AS [s]
    ORDER BY [s].[Name]
) AS [s0]
INNER JOIN [Countries] AS [c] ON [s0].[CountryId] = [c].[Id]
ORDER BY [s0].[Name]
[11:19:50 INF] (vicente.maria.vm17@gmail.com) Executing OkObjectResult, writing value of type 'AppProject.Models.SummariesResponse`1[[AppProject.Core.Models.General.StateSummary, AppProject.Core.Models, Version=1.0.0.0, Culture=neutral, PublicKeyToken=null]]'.
[11:19:50 INF] (vicente.maria.vm17@gmail.com) Executed action AppProject.Core.Controllers.General.StateSummaryController.GetSummariesAsync (AppProject.Core.Controllers.General) in 4.8446ms
[11:19:50 INF] (vicente.maria.vm17@gmail.com) Executed endpoint 'AppProject.Core.Controllers.General.StateSummaryController.GetSummariesAsync (AppProject.Core.Controllers.General)'
[11:19:50 INF] () Request finished HTTP/2 GET https://localhost:7121/api/general/StateSummary/GetSummaries?Take=100&SearchText= - 200 null application/json; charset=utf-8 15.1765ms
