[17:24:40 INF] () Start installing Hangfire SQL objects...
[17:24:41 INF] () Hangfire SQL objects installed.
[17:24:43 INF] () Executed DbCommand (13ms) [Parameters=[], CommandType='"Text"', CommandTimeout='30']
SELECT 1
[17:24:43 INF] () Acquiring an exclusive lock for migration application. See https://aka.ms/efcore-docs-migrations-lock for more information if this takes too long.
[17:24:43 INF] () Executed DbCommand (9ms) [Parameters=[], CommandType='"Text"', CommandTimeout='30']
DECLARE @result int;
EXEC @result = sp_getapplock @Resource = '__EFMigrationsLock', @LockOwner = 'Session', @LockMode = 'Exclusive';
SELECT @result
[17:24:43 INF] () Executed DbCommand (7ms) [Parameters=[], CommandType='"Text"', CommandTimeout='30']
IF OBJECT_ID(N'[__EFMigrationsHistory]') IS NULL
BEGIN
    CREATE TABLE [__EFMigrationsHistory] (
        [MigrationId] nvarchar(150) NOT NULL,
        [ProductVersion] nvarchar(32) NOT NULL,
        CONSTRAINT [PK___EFMigrationsHistory] PRIMARY KEY ([MigrationId])
    );
END;
[17:24:43 INF] () Executed DbCommand (1ms) [Parameters=[], CommandType='"Text"', CommandTimeout='30']
SELECT 1
[17:24:43 INF] () Executed DbCommand (1ms) [Parameters=[], CommandType='"Text"', CommandTimeout='30']
SELECT OBJECT_ID(N'[__EFMigrationsHistory]');
[17:24:43 INF] () Executed DbCommand (4ms) [Parameters=[], CommandType='"Text"', CommandTimeout='30']
SELECT [MigrationId], [ProductVersion]
FROM [__EFMigrationsHistory]
ORDER BY [MigrationId];
[17:24:43 INF] () No migrations were applied. The database is already up to date.
[17:24:43 INF] () Executed DbCommand (1ms) [Parameters=[], CommandType='"Text"', CommandTimeout='30']
DECLARE @result int;
EXEC @result = sp_releaseapplock @Resource = '__EFMigrationsLock', @LockOwner = 'Session';
SELECT @result
[17:24:43 INF] () Executed DbCommand (5ms) [Parameters=[], CommandType='"Text"', CommandTimeout='30']
SELECT TOP(1) [u].[Id], [u].[CreatedAt], [u].[CreatedByUserId], [u].[CreatedByUserName], [u].[Email], [u].[IsSystemAdmin], [u].[Name], [u].[RowVersion], [u].[UpdatedAt], [u].[UpdatedByUserId], [u].[UpdatedByUserName]
FROM [Users] AS [u]
WHERE [u].[IsSystemAdmin] = CAST(1 AS bit)
[17:24:43 INF] () User profile is available. Using 'C:\Users\vicen\AppData\Local\ASP.NET\DataProtection-Keys' as key repository and Windows DPAPI to encrypt keys at rest.
[17:24:44 INF] () Now listening on: https://localhost:7121
[17:24:44 INF] () Starting Hangfire Server using job storage: 'SQL Server: localhost\SQLEXPRESS@AppProject'
[17:24:44 INF] () Using the following options for SQL Server job storage: Queue poll interval: 00:00:00.
[17:24:44 INF] () Using the following options for Hangfire Server:
    Worker count: 20
    Listening queues: 'default'
    Shutdown timeout: 00:00:15
    Schedule polling interval: 00:00:15
[17:24:44 INF] () Application started. Press Ctrl+C to shut down.
[17:24:44 INF] () Hosting environment: Development
[17:24:44 INF] () Content root path: C:\Course\dotnet-template\AppProject.Core.API
[17:24:44 INF] () Server desktop-0fm4m6s:22432:2d973f0d successfully announced in 22.4216 ms
[17:24:44 INF] () Server desktop-0fm4m6s:22432:2d973f0d is starting the registered dispatchers: ServerWatchdog, ServerJobCancellationWatcher, SqlServerHeartbeatProcess, ExpirationManager, CountersAggregator, Worker, DelayedJobScheduler, RecurringJobScheduler...
[17:24:44 INF] () 1 servers were removed due to timeout
[17:24:44 INF] () Server desktop-0fm4m6s:22432:2d973f0d all the dispatchers started
[17:24:44 INF] () Starting job SampleJob at "2026-06-14T15:24:44.6909021Z".
[17:24:44 INF] () Executing SampleJob at "2026-06-14T15:24:44.6939189Z".
[17:24:44 INF] () Completed job SampleJob at "2026-06-14T15:24:44.6955644Z".
[17:32:57 INF] () Start installing Hangfire SQL objects...
[17:32:58 INF] () Hangfire SQL objects installed.
[17:32:59 INF] () Executed DbCommand (15ms) [Parameters=[], CommandType='"Text"', CommandTimeout='30']
SELECT 1
[17:32:59 INF] () Acquiring an exclusive lock for migration application. See https://aka.ms/efcore-docs-migrations-lock for more information if this takes too long.
[17:32:59 INF] () Executed DbCommand (10ms) [Parameters=[], CommandType='"Text"', CommandTimeout='30']
DECLARE @result int;
EXEC @result = sp_getapplock @Resource = '__EFMigrationsLock', @LockOwner = 'Session', @LockMode = 'Exclusive';
SELECT @result
[17:32:59 INF] () Executed DbCommand (6ms) [Parameters=[], CommandType='"Text"', CommandTimeout='30']
IF OBJECT_ID(N'[__EFMigrationsHistory]') IS NULL
BEGIN
    CREATE TABLE [__EFMigrationsHistory] (
        [MigrationId] nvarchar(150) NOT NULL,
        [ProductVersion] nvarchar(32) NOT NULL,
        CONSTRAINT [PK___EFMigrationsHistory] PRIMARY KEY ([MigrationId])
    );
END;
[17:32:59 INF] () Executed DbCommand (1ms) [Parameters=[], CommandType='"Text"', CommandTimeout='30']
SELECT 1
[17:32:59 INF] () Executed DbCommand (1ms) [Parameters=[], CommandType='"Text"', CommandTimeout='30']
SELECT OBJECT_ID(N'[__EFMigrationsHistory]');
[17:32:59 INF] () Executed DbCommand (4ms) [Parameters=[], CommandType='"Text"', CommandTimeout='30']
SELECT [MigrationId], [ProductVersion]
FROM [__EFMigrationsHistory]
ORDER BY [MigrationId];
[17:32:59 INF] () No migrations were applied. The database is already up to date.
[17:32:59 INF] () Executed DbCommand (1ms) [Parameters=[], CommandType='"Text"', CommandTimeout='30']
DECLARE @result int;
EXEC @result = sp_releaseapplock @Resource = '__EFMigrationsLock', @LockOwner = 'Session';
SELECT @result
[17:33:00 INF] () Executed DbCommand (4ms) [Parameters=[], CommandType='"Text"', CommandTimeout='30']
SELECT TOP(1) [u].[Id], [u].[CreatedAt], [u].[CreatedByUserId], [u].[CreatedByUserName], [u].[Email], [u].[IsSystemAdmin], [u].[Name], [u].[RowVersion], [u].[UpdatedAt], [u].[UpdatedByUserId], [u].[UpdatedByUserName]
FROM [Users] AS [u]
WHERE [u].[IsSystemAdmin] = CAST(1 AS bit)
[17:33:00 INF] () User profile is available. Using 'C:\Users\vicen\AppData\Local\ASP.NET\DataProtection-Keys' as key repository and Windows DPAPI to encrypt keys at rest.
[17:33:00 INF] () Now listening on: https://localhost:7121
[17:33:00 INF] () Starting Hangfire Server using job storage: 'SQL Server: localhost\SQLEXPRESS@AppProject'
[17:33:00 INF] () Using the following options for SQL Server job storage: Queue poll interval: 00:00:00.
[17:33:00 INF] () Using the following options for Hangfire Server:
    Worker count: 20
    Listening queues: 'default'
    Shutdown timeout: 00:00:15
    Schedule polling interval: 00:00:15
[17:33:00 INF] () Application started. Press Ctrl+C to shut down.
[17:33:00 INF] () Hosting environment: Development
[17:33:00 INF] () Content root path: C:\Course\dotnet-template\AppProject.Core.API
[17:33:00 INF] () Server desktop-0fm4m6s:28808:845f1148 successfully announced in 23.9429 ms
[17:33:00 INF] () Server desktop-0fm4m6s:28808:845f1148 is starting the registered dispatchers: ServerWatchdog, ServerJobCancellationWatcher, SqlServerHeartbeatProcess, ExpirationManager, CountersAggregator, Worker, DelayedJobScheduler, RecurringJobScheduler...
[17:33:00 INF] () 1 servers were removed due to timeout
[17:33:00 INF] () Server desktop-0fm4m6s:28808:845f1148 all the dispatchers started
[17:33:03 INF] () Request starting HTTP/2 GET https://localhost:7121/swagger/v1/swagger.json - null null
[17:33:03 INF] () Request finished HTTP/2 GET https://localhost:7121/swagger/v1/swagger.json - 200 null application/json;charset=utf-8 182.5761ms
[17:33:10 INF] () Request starting HTTP/2 GET https://localhost:7121/swagger/index.html - null null
[17:33:10 INF] () Request finished HTTP/2 GET https://localhost:7121/swagger/index.html - 200 null text/html;charset=utf-8 62.0361ms
[17:33:10 INF] () Request starting HTTP/2 GET https://localhost:7121/swagger/swagger-ui.css - null null
[17:33:10 INF] () Request starting HTTP/2 GET https://localhost:7121/swagger/index.css - null null
[17:33:10 INF] () Request starting HTTP/2 GET https://localhost:7121/swagger/swagger-ui-bundle.js - null null
[17:33:10 INF] () Request starting HTTP/2 GET https://localhost:7121/swagger/swagger-ui-standalone-preset.js - null null
[17:33:10 INF] () Request starting HTTP/2 GET https://localhost:7121/swagger/index.js - null null
[17:33:10 INF] () Request finished HTTP/2 GET https://localhost:7121/swagger/index.js - 200 null application/javascript;charset=utf-8 74.6286ms
[17:33:10 INF] () Request finished HTTP/2 GET https://localhost:7121/swagger/index.css - 200 152 text/css 152.6521ms
[17:33:10 INF] () Request finished HTTP/2 GET https://localhost:7121/swagger/swagger-ui-standalone-preset.js - 200 77352 text/javascript 133.186ms
[17:33:10 INF] () Request finished HTTP/2 GET https://localhost:7121/swagger/swagger-ui.css - 200 23647 text/css 188.4144ms
[17:33:10 INF] () Request finished HTTP/2 GET https://localhost:7121/swagger/swagger-ui-bundle.js - 200 424767 text/javascript 237.0958ms
[17:33:11 INF] () Request starting HTTP/2 GET https://localhost:7121/swagger/v1/swagger.json - null null
[17:33:11 INF] () Request starting HTTP/2 GET https://localhost:7121/swagger/favicon-32x32.png - null null
[17:33:11 INF] () Request finished HTTP/2 GET https://localhost:7121/swagger/favicon-32x32.png - 200 628 image/png 37.7792ms
[17:33:11 INF] () Request finished HTTP/2 GET https://localhost:7121/swagger/v1/swagger.json - 200 null application/json;charset=utf-8 74.3616ms
[17:33:26 INF] () Request starting HTTP/2 GET https://localhost:7121/swagger/oauth2-redirect.html?code=KNogk9ixGAk9XtQ-L1w_ix6iRGiKKrXgyVKsurOZkTPoC&state=U3VuIEp1biAxNCAyMDI2IDE3OjMzOjE0IEdNVCswMjAwIChDZW50cmFsIEFmcmljYSBUaW1lKQ%3D%3D - null null
[17:33:26 INF] () Request finished HTTP/2 GET https://localhost:7121/swagger/oauth2-redirect.html?code=KNogk9ixGAk9XtQ-L1w_ix6iRGiKKrXgyVKsurOZkTPoC&state=U3VuIEp1biAxNCAyMDI2IDE3OjMzOjE0IEdNVCswMjAwIChDZW50cmFsIEFmcmljYSBUaW1lKQ%3D%3D - 200 101 text/html 13.9684ms
[17:35:00 INF] () Request starting HTTP/2 GET https://localhost:7121/api/general/StateSummary/GetSummaries - null null
[17:35:01 INF] (vicente.maria.vm17@gmail.com) Executing endpoint 'AppProject.Core.Controllers.General.StateSummaryController.GetSummariesAsync (AppProject.Core.Controllers.General)'
[17:35:01 INF] (vicente.maria.vm17@gmail.com) Route matched with {action = "GetSummaries", controller = "StateSummary"}. Executing controller action with signature System.Threading.Tasks.Task`1[Microsoft.AspNetCore.Mvc.IActionResult] GetSummariesAsync(AppProject.Core.Models.General.StateSummarySearchRequest, System.Threading.CancellationToken) on controller AppProject.Core.Controllers.General.StateSummaryController (AppProject.Core.Controllers.General).
[17:35:02 INF] (vicente.maria.vm17@gmail.com) Executed DbCommand (7ms) [Parameters=[], CommandType='"Text"', CommandTimeout='30']
SELECT [s].[Id], [s].[Name], [c].[Name] AS [CountryName], [s].[CountryId]
FROM [States] AS [s]
INNER JOIN [Countries] AS [c] ON [s].[CountryId] = [c].[Id]
ORDER BY [s].[Name]
[17:35:02 INF] (vicente.maria.vm17@gmail.com) Executing OkObjectResult, writing value of type 'AppProject.Models.SummariesResponse`1[[AppProject.Core.Models.General.StateSummary, AppProject.Core.Models, Version=1.0.0.0, Culture=neutral, PublicKeyToken=null]]'.
[17:35:02 INF] (vicente.maria.vm17@gmail.com) Executed action AppProject.Core.Controllers.General.StateSummaryController.GetSummariesAsync (AppProject.Core.Controllers.General) in 219.0615ms
[17:35:02 INF] (vicente.maria.vm17@gmail.com) Executed endpoint 'AppProject.Core.Controllers.General.StateSummaryController.GetSummariesAsync (AppProject.Core.Controllers.General)'
[17:35:02 INF] () Request finished HTTP/2 GET https://localhost:7121/api/general/StateSummary/GetSummaries - 200 null application/json; charset=utf-8 1384.3305ms
[17:39:57 INF] () Request starting HTTP/2 POST https://localhost:7121/api/general/City/Post - application/json 424
[17:39:57 INF] () CORS policy execution failed.
[17:39:57 INF] () Request origin https://localhost:7121 does not have permission to access the resource.
[17:39:57 INF] (vicente.maria.vm17@gmail.com) Executing endpoint 'AppProject.Core.Controllers.General.CityController.PostAsync (AppProject.Core.Controllers.General)'
[17:39:57 INF] (vicente.maria.vm17@gmail.com) Route matched with {action = "Post", controller = "City"}. Executing controller action with signature System.Threading.Tasks.Task`1[Microsoft.AspNetCore.Mvc.IActionResult] PostAsync(AppProject.Models.CreateOrUpdateRequest`1[AppProject.Core.Models.General.City], System.Threading.CancellationToken) on controller AppProject.Core.Controllers.General.CityController (AppProject.Core.Controllers.General).
[17:40:44 INF] (vicente.maria.vm17@gmail.com) Executed action AppProject.Core.Controllers.General.CityController.PostAsync (AppProject.Core.Controllers.General) in 47062.5312ms
[17:40:44 INF] (vicente.maria.vm17@gmail.com) Executed endpoint 'AppProject.Core.Controllers.General.CityController.PostAsync (AppProject.Core.Controllers.General)'
[17:40:48 ERR] () AppProject.Exceptions.AppException: Exception of type 'AppProject.Exceptions.AppException' was thrown.
   at AppProject.Core.API.Bootstraps.Bootstrap.<>c.<ConfigureValidations>b__7_0(ActionContext context) in C:\Course\dotnet-template\AppProject.Core.API\Bootstraps\Bootstrap.cs:line 239
   at Microsoft.AspNetCore.Mvc.Infrastructure.ModelStateInvalidFilter.OnActionExecuting(ActionExecutingContext context)
   at Microsoft.AspNetCore.Mvc.Infrastructure.ControllerActionInvoker.Next(State& next, Scope& scope, Object& state, Boolean& isCompleted)
   at Microsoft.AspNetCore.Mvc.Infrastructure.ControllerActionInvoker.InvokeNextActionFilterAsync()
--- End of stack trace from previous location ---
   at Microsoft.AspNetCore.Mvc.Infrastructure.ControllerActionInvoker.Rethrow(ActionExecutedContextSealed context)
   at Microsoft.AspNetCore.Mvc.Infrastructure.ControllerActionInvoker.Next(State& next, Scope& scope, Object& state, Boolean& isCompleted)
   at Microsoft.AspNetCore.Mvc.Infrastructure.ControllerActionInvoker.InvokeInnerFilterAsync()
--- End of stack trace from previous location ---
   at Microsoft.AspNetCore.Mvc.Infrastructure.ResourceInvoker.<InvokeFilterPipelineAsync>g__Awaited|20_0(ResourceInvoker invoker, Task lastTask, State next, Scope scope, Object state, Boolean isCompleted)
   at Microsoft.AspNetCore.Mvc.Infrastructure.ResourceInvoker.<InvokeAsync>g__Logged|17_1(ResourceInvoker invoker)
   at Microsoft.AspNetCore.Mvc.Infrastructure.ResourceInvoker.<InvokeAsync>g__Logged|17_1(ResourceInvoker invoker)
   at Microsoft.AspNetCore.Routing.EndpointMiddleware.<Invoke>g__AwaitRequestTask|7_0(Endpoint endpoint, Task requestTask, ILogger logger)
   at AppProject.Core.API.Middlewares.SerilogUserEnricherMiddleware.Invoke(HttpContext context) in C:\Course\dotnet-template\AppProject.Core.API\Middlewares\SerilogUserEnricherMiddleware.cs:line 17
   at Microsoft.AspNetCore.Authorization.AuthorizationMiddleware.Invoke(HttpContext context)
   at Microsoft.AspNetCore.Authentication.AuthenticationMiddleware.Invoke(HttpContext context)
   at Microsoft.AspNetCore.RateLimiting.RateLimitingMiddleware.InvokeInternal(HttpContext context, EnableRateLimitingAttribute enableRateLimitingAttribute)
   at AppProject.Core.API.Middlewares.ExceptionMiddleware.InvokeAsync(HttpContext context) in C:\Course\dotnet-template\AppProject.Core.API\Middlewares\ExceptionMiddleware.cs:line 23
[17:40:48 INF] () Request finished HTTP/2 POST https://localhost:7121/api/general/City/Post - 400 null application/json 50766.0851ms
[17:41:08 INF] () Request starting HTTP/2 POST https://localhost:7121/api/general/City/Post - application/json 396
[17:41:08 INF] () CORS policy execution failed.
[17:41:08 INF] () Request origin https://localhost:7121 does not have permission to access the resource.
[17:41:08 INF] (vicente.maria.vm17@gmail.com) Executing endpoint 'AppProject.Core.Controllers.General.CityController.PostAsync (AppProject.Core.Controllers.General)'
[17:41:08 INF] (vicente.maria.vm17@gmail.com) Route matched with {action = "Post", controller = "City"}. Executing controller action with signature System.Threading.Tasks.Task`1[Microsoft.AspNetCore.Mvc.IActionResult] PostAsync(AppProject.Models.CreateOrUpdateRequest`1[AppProject.Core.Models.General.City], System.Threading.CancellationToken) on controller AppProject.Core.Controllers.General.CityController (AppProject.Core.Controllers.General).
[17:41:30 INF] (vicente.maria.vm17@gmail.com) Executed action AppProject.Core.Controllers.General.CityController.PostAsync (AppProject.Core.Controllers.General) in 21943.9805ms
[17:41:30 INF] (vicente.maria.vm17@gmail.com) Executed endpoint 'AppProject.Core.Controllers.General.CityController.PostAsync (AppProject.Core.Controllers.General)'
[17:41:31 ERR] () AppProject.Exceptions.AppException: Exception of type 'AppProject.Exceptions.AppException' was thrown.
   at AppProject.Core.API.Bootstraps.Bootstrap.<>c.<ConfigureValidations>b__7_0(ActionContext context) in C:\Course\dotnet-template\AppProject.Core.API\Bootstraps\Bootstrap.cs:line 239
   at Microsoft.AspNetCore.Mvc.Infrastructure.ModelStateInvalidFilter.OnActionExecuting(ActionExecutingContext context)
   at Microsoft.AspNetCore.Mvc.Infrastructure.ControllerActionInvoker.Next(State& next, Scope& scope, Object& state, Boolean& isCompleted)
   at Microsoft.AspNetCore.Mvc.Infrastructure.ControllerActionInvoker.InvokeNextActionFilterAsync()
--- End of stack trace from previous location ---
   at Microsoft.AspNetCore.Mvc.Infrastructure.ControllerActionInvoker.Rethrow(ActionExecutedContextSealed context)
   at Microsoft.AspNetCore.Mvc.Infrastructure.ControllerActionInvoker.Next(State& next, Scope& scope, Object& state, Boolean& isCompleted)
   at Microsoft.AspNetCore.Mvc.Infrastructure.ControllerActionInvoker.InvokeInnerFilterAsync()
--- End of stack trace from previous location ---
   at Microsoft.AspNetCore.Mvc.Infrastructure.ResourceInvoker.<InvokeFilterPipelineAsync>g__Awaited|20_0(ResourceInvoker invoker, Task lastTask, State next, Scope scope, Object state, Boolean isCompleted)
   at Microsoft.AspNetCore.Mvc.Infrastructure.ResourceInvoker.<InvokeAsync>g__Logged|17_1(ResourceInvoker invoker)
   at Microsoft.AspNetCore.Mvc.Infrastructure.ResourceInvoker.<InvokeAsync>g__Logged|17_1(ResourceInvoker invoker)
   at Microsoft.AspNetCore.Routing.EndpointMiddleware.<Invoke>g__AwaitRequestTask|7_0(Endpoint endpoint, Task requestTask, ILogger logger)
   at AppProject.Core.API.Middlewares.SerilogUserEnricherMiddleware.Invoke(HttpContext context) in C:\Course\dotnet-template\AppProject.Core.API\Middlewares\SerilogUserEnricherMiddleware.cs:line 17
   at Microsoft.AspNetCore.Authorization.AuthorizationMiddleware.Invoke(HttpContext context)
   at Microsoft.AspNetCore.Authentication.AuthenticationMiddleware.Invoke(HttpContext context)
   at Microsoft.AspNetCore.RateLimiting.RateLimitingMiddleware.InvokeInternal(HttpContext context, EnableRateLimitingAttribute enableRateLimitingAttribute)
   at AppProject.Core.API.Middlewares.ExceptionMiddleware.InvokeAsync(HttpContext context) in C:\Course\dotnet-template\AppProject.Core.API\Middlewares\ExceptionMiddleware.cs:line 23
[17:41:31 INF] () Request finished HTTP/2 POST https://localhost:7121/api/general/City/Post - 400 null application/json 22769.206ms
[17:41:38 INF] () Request starting HTTP/2 POST https://localhost:7121/api/general/City/Post - application/json 395
[17:41:38 INF] () CORS policy execution failed.
[17:41:38 INF] () Request origin https://localhost:7121 does not have permission to access the resource.
[17:41:38 INF] (vicente.maria.vm17@gmail.com) Executing endpoint 'AppProject.Core.Controllers.General.CityController.PostAsync (AppProject.Core.Controllers.General)'
[17:41:38 INF] (vicente.maria.vm17@gmail.com) Route matched with {action = "Post", controller = "City"}. Executing controller action with signature System.Threading.Tasks.Task`1[Microsoft.AspNetCore.Mvc.IActionResult] PostAsync(AppProject.Models.CreateOrUpdateRequest`1[AppProject.Core.Models.General.City], System.Threading.CancellationToken) on controller AppProject.Core.Controllers.General.CityController (AppProject.Core.Controllers.General).
[17:42:20 INF] (vicente.maria.vm17@gmail.com) Executed action AppProject.Core.Controllers.General.CityController.PostAsync (AppProject.Core.Controllers.General) in 41790.2256ms
[17:42:20 INF] (vicente.maria.vm17@gmail.com) Executed endpoint 'AppProject.Core.Controllers.General.CityController.PostAsync (AppProject.Core.Controllers.General)'
[17:42:21 ERR] () AppProject.Exceptions.AppException: Exception of type 'AppProject.Exceptions.AppException' was thrown.
   at AppProject.Core.API.Bootstraps.Bootstrap.<>c.<ConfigureValidations>b__7_0(ActionContext context) in C:\Course\dotnet-template\AppProject.Core.API\Bootstraps\Bootstrap.cs:line 239
   at Microsoft.AspNetCore.Mvc.Infrastructure.ModelStateInvalidFilter.OnActionExecuting(ActionExecutingContext context)
   at Microsoft.AspNetCore.Mvc.Infrastructure.ControllerActionInvoker.Next(State& next, Scope& scope, Object& state, Boolean& isCompleted)
   at Microsoft.AspNetCore.Mvc.Infrastructure.ControllerActionInvoker.InvokeNextActionFilterAsync()
--- End of stack trace from previous location ---
   at Microsoft.AspNetCore.Mvc.Infrastructure.ControllerActionInvoker.Rethrow(ActionExecutedContextSealed context)
   at Microsoft.AspNetCore.Mvc.Infrastructure.ControllerActionInvoker.Next(State& next, Scope& scope, Object& state, Boolean& isCompleted)
   at Microsoft.AspNetCore.Mvc.Infrastructure.ControllerActionInvoker.InvokeInnerFilterAsync()
--- End of stack trace from previous location ---
   at Microsoft.AspNetCore.Mvc.Infrastructure.ResourceInvoker.<InvokeFilterPipelineAsync>g__Awaited|20_0(ResourceInvoker invoker, Task lastTask, State next, Scope scope, Object state, Boolean isCompleted)
   at Microsoft.AspNetCore.Mvc.Infrastructure.ResourceInvoker.<InvokeAsync>g__Logged|17_1(ResourceInvoker invoker)
   at Microsoft.AspNetCore.Mvc.Infrastructure.ResourceInvoker.<InvokeAsync>g__Logged|17_1(ResourceInvoker invoker)
   at Microsoft.AspNetCore.Routing.EndpointMiddleware.<Invoke>g__AwaitRequestTask|7_0(Endpoint endpoint, Task requestTask, ILogger logger)
   at AppProject.Core.API.Middlewares.SerilogUserEnricherMiddleware.Invoke(HttpContext context) in C:\Course\dotnet-template\AppProject.Core.API\Middlewares\SerilogUserEnricherMiddleware.cs:line 17
   at Microsoft.AspNetCore.Authorization.AuthorizationMiddleware.Invoke(HttpContext context)
   at Microsoft.AspNetCore.Authentication.AuthenticationMiddleware.Invoke(HttpContext context)
   at Microsoft.AspNetCore.RateLimiting.RateLimitingMiddleware.InvokeInternal(HttpContext context, EnableRateLimitingAttribute enableRateLimitingAttribute)
   at AppProject.Core.API.Middlewares.ExceptionMiddleware.InvokeAsync(HttpContext context) in C:\Course\dotnet-template\AppProject.Core.API\Middlewares\ExceptionMiddleware.cs:line 23
[17:42:21 INF] () Request finished HTTP/2 POST https://localhost:7121/api/general/City/Post - 400 null application/json 42686.3676ms
[17:42:26 INF] () Request starting HTTP/2 POST https://localhost:7121/api/general/City/Post - application/json 393
[17:42:26 INF] () CORS policy execution failed.
[17:42:26 INF] () Request origin https://localhost:7121 does not have permission to access the resource.
[17:42:26 INF] (vicente.maria.vm17@gmail.com) Executing endpoint 'AppProject.Core.Controllers.General.CityController.PostAsync (AppProject.Core.Controllers.General)'
[17:42:26 INF] (vicente.maria.vm17@gmail.com) Route matched with {action = "Post", controller = "City"}. Executing controller action with signature System.Threading.Tasks.Task`1[Microsoft.AspNetCore.Mvc.IActionResult] PostAsync(AppProject.Models.CreateOrUpdateRequest`1[AppProject.Core.Models.General.City], System.Threading.CancellationToken) on controller AppProject.Core.Controllers.General.CityController (AppProject.Core.Controllers.General).
[17:44:02 INF] () Executed DbCommand (4ms) [Parameters=[], CommandType='"Text"', CommandTimeout='30']
SELECT TOP(1) [u].[Id], [u].[CreatedAt], [u].[CreatedByUserId], [u].[CreatedByUserName], [u].[Email], [u].[IsSystemAdmin], [u].[Name], [u].[RowVersion], [u].[UpdatedAt], [u].[UpdatedByUserId], [u].[UpdatedByUserName]
FROM [Users] AS [u]
WHERE [u].[IsSystemAdmin] = CAST(1 AS bit)
[17:44:02 INF] (vicente.maria.vm17@gmail.com) Executed DbCommand (11ms) [Parameters=[@__neighborhoodIds_0='?' (Size = 4000)], CommandType='"Text"', CommandTimeout='30']
SELECT CASE
    WHEN EXISTS (
        SELECT 1
        FROM [Neighborhoods] AS [n]
        WHERE [n].[Id] IN (
            SELECT [n0].[value]
            FROM OPENJSON(@__neighborhoodIds_0) WITH ([value] uniqueidentifier '$') AS [n0]
        )) THEN CAST(1 AS bit)
    ELSE CAST(0 AS bit)
END
[17:44:02 INF] (vicente.maria.vm17@gmail.com) Executed DbCommand (4ms) [Parameters=[@__city_StateId_0='?' (DbType = Guid), @__city_Name_1='?' (Size = 200)], CommandType='"Text"', CommandTimeout='30']
SELECT CASE
    WHEN EXISTS (
        SELECT 1
        FROM [Cities] AS [c]
        WHERE [c].[StateId] = @__city_StateId_0 AND [c].[Name] = @__city_Name_1) THEN CAST(1 AS bit)
    ELSE CAST(0 AS bit)
END
[17:44:02 INF] (vicente.maria.vm17@gmail.com) Executed DbCommand (1ms) [Parameters=[], CommandType='"Text"', CommandTimeout='30']
SELECT CAST(0 AS bit)
[17:44:02 INF] (vicente.maria.vm17@gmail.com) Executed DbCommand (18ms) [Parameters=[@p0='?' (DbType = Guid), @p1='?' (Size = 200), @p2='?' (DbType = DateTimeOffset), @p3='?' (DbType = Guid), @p4='?' (Size = 255), @p5='?' (Size = 200), @p6='?' (DbType = Guid), @p7='?' (DbType = DateTimeOffset), @p8='?' (DbType = Guid), @p9='?' (Size = 255), @p10='?' (DbType = Guid), @p11='?' (DbType = Guid), @p12='?' (Size = 200), @p13='?' (DbType = DateTimeOffset), @p14='?' (DbType = Guid), @p15='?' (Size = 255), @p16='?' (Size = 200), @p17='?' (DbType = DateTimeOffset), @p18='?' (DbType = Guid), @p19='?' (Size = 255), @p20='?' (DbType = Guid), @p21='?' (DbType = Guid), @p22='?' (Size = 200), @p23='?' (DbType = DateTimeOffset), @p24='?' (DbType = Guid), @p25='?' (Size = 255), @p26='?' (Size = 200), @p27='?' (DbType = DateTimeOffset), @p28='?' (DbType = Guid), @p29='?' (Size = 255), @p30='?' (DbType = Guid), @p31='?' (DbType = Guid), @p32='?' (Size = 200), @p33='?' (DbType = DateTimeOffset), @p34='?' (DbType = Guid), @p35='?' (Size = 255), @p36='?' (Size = 200), @p37='?' (DbType = DateTimeOffset), @p38='?' (DbType = Guid), @p39='?' (Size = 255)], CommandType='"Text"', CommandTimeout='30']
SET NOCOUNT ON;
INSERT INTO [Cities] ([Id], [Code], [CreatedAt], [CreatedByUserId], [CreatedByUserName], [Name], [StateId], [UpdatedAt], [UpdatedByUserId], [UpdatedByUserName])
OUTPUT INSERTED.[RowVersion]
VALUES (@p0, @p1, @p2, @p3, @p4, @p5, @p6, @p7, @p8, @p9);
MERGE [Neighborhoods] USING (
VALUES (@p10, @p11, @p12, @p13, @p14, @p15, @p16, @p17, @p18, @p19, 0),
(@p20, @p21, @p22, @p23, @p24, @p25, @p26, @p27, @p28, @p29, 1),
(@p30, @p31, @p32, @p33, @p34, @p35, @p36, @p37, @p38, @p39, 2)) AS i ([Id], [CityId], [Code], [CreatedAt], [CreatedByUserId], [CreatedByUserName], [Name], [UpdatedAt], [UpdatedByUserId], [UpdatedByUserName], _Position) ON 1=0
WHEN NOT MATCHED THEN
INSERT ([Id], [CityId], [Code], [CreatedAt], [CreatedByUserId], [CreatedByUserName], [Name], [UpdatedAt], [UpdatedByUserId], [UpdatedByUserName])
VALUES (i.[Id], i.[CityId], i.[Code], i.[CreatedAt], i.[CreatedByUserId], i.[CreatedByUserName], i.[Name], i.[UpdatedAt], i.[UpdatedByUserId], i.[UpdatedByUserName])
OUTPUT INSERTED.[RowVersion], i._Position;
[17:44:04 INF] (vicente.maria.vm17@gmail.com) Executing OkObjectResult, writing value of type 'AppProject.Models.KeyResponse`1[[System.Guid, System.Private.CoreLib, Version=9.0.0.0, Culture=neutral, PublicKeyToken=7cec85d7bea7798e]]'.
[17:44:05 INF] (vicente.maria.vm17@gmail.com) Executed action AppProject.Core.Controllers.General.CityController.PostAsync (AppProject.Core.Controllers.General) in 98868.4674ms
[17:44:05 INF] (vicente.maria.vm17@gmail.com) Executed endpoint 'AppProject.Core.Controllers.General.CityController.PostAsync (AppProject.Core.Controllers.General)'
[17:44:18 INF] () Request finished HTTP/2 POST https://localhost:7121/api/general/City/Post - 200 null application/json; charset=utf-8 111660.478ms
[17:54:34 INF] () Request starting HTTP/2 GET https://localhost:7121/api/general/City/Get?Id=7f3d42dc-4b9d-4a37-e4ed-08deca2bc236 - null null
[17:54:34 INF] (vicente.maria.vm17@gmail.com) Executing endpoint 'AppProject.Core.Controllers.General.CityController.GetAsync (AppProject.Core.Controllers.General)'
[17:54:34 INF] (vicente.maria.vm17@gmail.com) Route matched with {action = "Get", controller = "City"}. Executing controller action with signature System.Threading.Tasks.Task`1[Microsoft.AspNetCore.Mvc.IActionResult] GetAsync(AppProject.Models.GetByIdRequest`1[System.Guid], System.Threading.CancellationToken) on controller AppProject.Core.Controllers.General.CityController (AppProject.Core.Controllers.General).
[17:54:58 INF] () Executed DbCommand (5ms) [Parameters=[], CommandType='"Text"', CommandTimeout='30']
SELECT TOP(1) [u].[Id], [u].[CreatedAt], [u].[CreatedByUserId], [u].[CreatedByUserName], [u].[Email], [u].[IsSystemAdmin], [u].[Name], [u].[RowVersion], [u].[UpdatedAt], [u].[UpdatedByUserId], [u].[UpdatedByUserName]
FROM [Users] AS [u]
WHERE [u].[IsSystemAdmin] = CAST(1 AS bit)
[17:55:29 INF] (vicente.maria.vm17@gmail.com) Executed DbCommand (12ms) [Parameters=[@__request_Id_0='?' (DbType = Guid)], CommandType='"Text"', CommandTimeout='30']
SELECT [c].[Id], [c].[Name], [c].[Code], [c].[StateId], [c].[RowVersion]
FROM [Cities] AS [c]
WHERE [c].[Id] = @__request_Id_0
[17:55:33 INF] (vicente.maria.vm17@gmail.com) Executing OkObjectResult, writing value of type 'AppProject.Models.EntityResponse`1[[AppProject.Core.Models.General.City, AppProject.Core.Models.General, Version=1.0.0.0, Culture=neutral, PublicKeyToken=null]]'.
[17:55:38 INF] (vicente.maria.vm17@gmail.com) Executed action AppProject.Core.Controllers.General.CityController.GetAsync (AppProject.Core.Controllers.General) in 64055.2779ms
[17:55:38 INF] (vicente.maria.vm17@gmail.com) Executed endpoint 'AppProject.Core.Controllers.General.CityController.GetAsync (AppProject.Core.Controllers.General)'
[17:55:38 INF] () Request finished HTTP/2 GET https://localhost:7121/api/general/City/Get?Id=7f3d42dc-4b9d-4a37-e4ed-08deca2bc236 - 200 null application/json; charset=utf-8 64069.5794ms
[17:56:37 INF] () Request starting HTTP/2 GET https://localhost:7121/api/general/City/GetNeighborhoods?ParentId=7f3d42dc-4b9d-4a37-e4ed-08deca2bc236 - null null
[17:56:37 INF] (vicente.maria.vm17@gmail.com) Executing endpoint 'AppProject.Core.Controllers.General.CityController.GetNeighborhoodsAsync (AppProject.Core.Controllers.General)'
[17:56:37 INF] (vicente.maria.vm17@gmail.com) Route matched with {action = "GetNeighborhoods", controller = "City"}. Executing controller action with signature System.Threading.Tasks.Task`1[Microsoft.AspNetCore.Mvc.IActionResult] GetNeighborhoodsAsync(AppProject.Models.GetByParentIdRequest`1[System.Guid], System.Threading.CancellationToken) on controller AppProject.Core.Controllers.General.CityController (AppProject.Core.Controllers.General).
[17:56:42 INF] (vicente.maria.vm17@gmail.com) Executed DbCommand (5ms) [Parameters=[@__request_ParentId_0='?' (DbType = Guid)], CommandType='"Text"', CommandTimeout='30']
SELECT [n].[Id], [n].[Name], [n].[Code], [n].[RowVersion]
FROM [Neighborhoods] AS [n]
WHERE [n].[CityId] = @__request_ParentId_0
[17:56:42 INF] (vicente.maria.vm17@gmail.com) Executing OkObjectResult, writing value of type 'AppProject.Models.EntitiesResponse`1[[AppProject.Core.Models.General.Neighborhood, AppProject.Core.Models.General, Version=1.0.0.0, Culture=neutral, PublicKeyToken=null]]'.
[17:56:42 INF] (vicente.maria.vm17@gmail.com) Executed action AppProject.Core.Controllers.General.CityController.GetNeighborhoodsAsync (AppProject.Core.Controllers.General) in 4707.8246ms
[17:56:42 INF] (vicente.maria.vm17@gmail.com) Executed endpoint 'AppProject.Core.Controllers.General.CityController.GetNeighborhoodsAsync (AppProject.Core.Controllers.General)'
[17:56:42 INF] () Request finished HTTP/2 GET https://localhost:7121/api/general/City/GetNeighborhoods?ParentId=7f3d42dc-4b9d-4a37-e4ed-08deca2bc236 - 200 null application/json; charset=utf-8 4728.896ms
[20:42:00 INF] () Request starting HTTP/2 PUT https://localhost:7121/api/general/City/Put - application/json 570
[20:42:00 INF] () CORS policy execution failed.
[20:42:00 INF] () Request origin https://localhost:7121 does not have permission to access the resource.
[20:42:00 INF] (vicente.maria.vm17@gmail.com) Executing endpoint 'AppProject.Core.Controllers.General.CityController.PutAsync (AppProject.Core.Controllers.General)'
[20:42:00 INF] (vicente.maria.vm17@gmail.com) Route matched with {action = "Put", controller = "City"}. Executing controller action with signature System.Threading.Tasks.Task`1[Microsoft.AspNetCore.Mvc.IActionResult] PutAsync(AppProject.Models.CreateOrUpdateRequest`1[AppProject.Core.Models.General.City], System.Threading.CancellationToken) on controller AppProject.Core.Controllers.General.CityController (AppProject.Core.Controllers.General).
[20:43:13 INF] () Executed DbCommand (4ms) [Parameters=[], CommandType='"Text"', CommandTimeout='30']
SELECT TOP(1) [u].[Id], [u].[CreatedAt], [u].[CreatedByUserId], [u].[CreatedByUserName], [u].[Email], [u].[IsSystemAdmin], [u].[Name], [u].[RowVersion], [u].[UpdatedAt], [u].[UpdatedByUserId], [u].[UpdatedByUserName]
FROM [Users] AS [u]
WHERE [u].[IsSystemAdmin] = CAST(1 AS bit)
[20:44:52 INF] (vicente.maria.vm17@gmail.com) Executed DbCommand (12ms) [Parameters=[@__city_StateId_0='?' (DbType = Guid), @__city_Name_1='?' (Size = 200), @__city_Id_2='?' (DbType = Guid)], CommandType='"Text"', CommandTimeout='30']
SELECT CASE
    WHEN EXISTS (
        SELECT 1
        FROM [Cities] AS [c]
        WHERE [c].[StateId] = @__city_StateId_0 AND [c].[Name] = @__city_Name_1 AND [c].[Id] <> @__city_Id_2) THEN CAST(1 AS bit)
    ELSE CAST(0 AS bit)
END
[20:45:00 INF] (vicente.maria.vm17@gmail.com) Executed DbCommand (14ms) [Parameters=[@__city_Id_0='?' (DbType = Guid), @__neighborhoodNames_1='?' (Size = 4000), @__neighborhoodIds_2='?' (Size = 4000)], CommandType='"Text"', CommandTimeout='30']
SELECT CASE
    WHEN EXISTS (
        SELECT 1
        FROM [Neighborhoods] AS [n]
        WHERE [n].[CityId] = @__city_Id_0 AND [n].[Name] IN (
            SELECT [n0].[value]
            FROM OPENJSON(@__neighborhoodNames_1) WITH ([value] nvarchar(200) '$') AS [n0]
        ) AND NOT EXISTS (
            SELECT 1
            FROM OPENJSON(@__neighborhoodIds_2) WITH ([value] uniqueidentifier '$') AS [n1]
            WHERE [n1].[value] = [n].[Id])) THEN CAST(1 AS bit)
    ELSE CAST(0 AS bit)
END
[20:45:09 INF] (vicente.maria.vm17@gmail.com) Executed DbCommand (13ms) [Parameters=[@__request_Entity_Id_0='?' (DbType = Guid)], CommandType='"Text"', CommandTimeout='30']
SELECT [c].[Id], [c].[Code], [c].[CreatedAt], [c].[CreatedByUserId], [c].[CreatedByUserName], [c].[Name], [c].[RowVersion], [c].[StateId], [c].[UpdatedAt], [c].[UpdatedByUserId], [c].[UpdatedByUserName]
FROM [Cities] AS [c]
WHERE [c].[Id] = @__request_Entity_Id_0
[20:45:58 INF] (vicente.maria.vm17@gmail.com) Executed DbCommand (16ms) [Parameters=[@__neighborhood_Entity_Id_0='?' (DbType = Guid)], CommandType='"Text"', CommandTimeout='30']
SELECT [n].[Id], [n].[CityId], [n].[Code], [n].[CreatedAt], [n].[CreatedByUserId], [n].[CreatedByUserName], [n].[Name], [n].[RowVersion], [n].[UpdatedAt], [n].[UpdatedByUserId], [n].[UpdatedByUserName]
FROM [Neighborhoods] AS [n]
WHERE [n].[Id] = @__neighborhood_Entity_Id_0
[20:46:51 INF] (vicente.maria.vm17@gmail.com) Executed DbCommand (14ms) [Parameters=[@__neighborhood_Id_0='?' (DbType = Guid)], CommandType='"Text"', CommandTimeout='30']
SELECT [n].[Id], [n].[CityId], [n].[Code], [n].[CreatedAt], [n].[CreatedByUserId], [n].[CreatedByUserName], [n].[Name], [n].[RowVersion], [n].[UpdatedAt], [n].[UpdatedByUserId], [n].[UpdatedByUserName]
FROM [Neighborhoods] AS [n]
WHERE [n].[Id] = @__neighborhood_Id_0
[20:47:10 INF] (vicente.maria.vm17@gmail.com) Executed DbCommand (11ms) [Parameters=[@p9='?' (DbType = Guid), @p0='?' (Size = 200), @p1='?' (DbType = DateTimeOffset), @p2='?' (DbType = Guid), @p3='?' (Size = 255), @p4='?' (Size = 200), @p10='?' (Size = 8) (DbType = Binary), @p5='?' (DbType = Guid), @p6='?' (DbType = DateTimeOffset), @p7='?' (DbType = Guid), @p8='?' (Size = 255), @p11='?' (DbType = Guid), @p12='?' (Size = 8) (DbType = Binary), @p22='?' (DbType = Guid), @p13='?' (DbType = Guid), @p14='?' (Size = 200), @p15='?' (DbType = DateTimeOffset), @p16='?' (DbType = Guid), @p17='?' (Size = 255), @p18='?' (Size = 200), @p23='?' (Size = 8) (DbType = Binary), @p19='?' (DbType = DateTimeOffset), @p20='?' (DbType = Guid), @p21='?' (Size = 255)], CommandType='"Text"', CommandTimeout='30']
SET NOCOUNT ON;
UPDATE [Cities] SET [Code] = @p0, [CreatedAt] = @p1, [CreatedByUserId] = @p2, [CreatedByUserName] = @p3, [Name] = @p4, [StateId] = @p5, [UpdatedAt] = @p6, [UpdatedByUserId] = @p7, [UpdatedByUserName] = @p8
OUTPUT INSERTED.[RowVersion]
WHERE [Id] = @p9 AND [RowVersion] = @p10;
DELETE FROM [Neighborhoods]
OUTPUT 1
WHERE [Id] = @p11 AND [RowVersion] = @p12;
UPDATE [Neighborhoods] SET [CityId] = @p13, [Code] = @p14, [CreatedAt] = @p15, [CreatedByUserId] = @p16, [CreatedByUserName] = @p17, [Name] = @p18, [UpdatedAt] = @p19, [UpdatedByUserId] = @p20, [UpdatedByUserName] = @p21
OUTPUT INSERTED.[RowVersion]
WHERE [Id] = @p22 AND [RowVersion] = @p23;
[20:47:11 INF] (vicente.maria.vm17@gmail.com) Executing OkObjectResult, writing value of type 'AppProject.Models.KeyResponse`1[[System.Guid, System.Private.CoreLib, Version=9.0.0.0, Culture=neutral, PublicKeyToken=7cec85d7bea7798e]]'.
[20:47:11 INF] (vicente.maria.vm17@gmail.com) Executed action AppProject.Core.Controllers.General.CityController.PutAsync (AppProject.Core.Controllers.General) in 310903.9086ms
[20:47:11 INF] (vicente.maria.vm17@gmail.com) Executed endpoint 'AppProject.Core.Controllers.General.CityController.PutAsync (AppProject.Core.Controllers.General)'
[20:47:11 INF] () Request finished HTTP/2 PUT https://localhost:7121/api/general/City/Put - 200 null application/json; charset=utf-8 310917.4285ms
[20:48:17 INF] () Request starting HTTP/2 GET https://localhost:7121/api/general/City/GetNeighborhoods?ParentId=7f3d42dc-4b9d-4a37-e4ed-08deca2bc236 - null null
[20:48:17 INF] (vicente.maria.vm17@gmail.com) Executing endpoint 'AppProject.Core.Controllers.General.CityController.GetNeighborhoodsAsync (AppProject.Core.Controllers.General)'
[20:48:17 INF] (vicente.maria.vm17@gmail.com) Route matched with {action = "GetNeighborhoods", controller = "City"}. Executing controller action with signature System.Threading.Tasks.Task`1[Microsoft.AspNetCore.Mvc.IActionResult] GetNeighborhoodsAsync(AppProject.Models.GetByParentIdRequest`1[System.Guid], System.Threading.CancellationToken) on controller AppProject.Core.Controllers.General.CityController (AppProject.Core.Controllers.General).
[20:48:22 INF] () Executed DbCommand (5ms) [Parameters=[], CommandType='"Text"', CommandTimeout='30']
SELECT TOP(1) [u].[Id], [u].[CreatedAt], [u].[CreatedByUserId], [u].[CreatedByUserName], [u].[Email], [u].[IsSystemAdmin], [u].[Name], [u].[RowVersion], [u].[UpdatedAt], [u].[UpdatedByUserId], [u].[UpdatedByUserName]
FROM [Users] AS [u]
WHERE [u].[IsSystemAdmin] = CAST(1 AS bit)
[20:48:22 INF] (vicente.maria.vm17@gmail.com) Executed DbCommand (2ms) [Parameters=[@__request_ParentId_0='?' (DbType = Guid)], CommandType='"Text"', CommandTimeout='30']
SELECT [n].[Id], [n].[Name], [n].[Code], [n].[RowVersion]
FROM [Neighborhoods] AS [n]
WHERE [n].[CityId] = @__request_ParentId_0
[20:48:22 INF] (vicente.maria.vm17@gmail.com) Executing OkObjectResult, writing value of type 'AppProject.Models.EntitiesResponse`1[[AppProject.Core.Models.General.Neighborhood, AppProject.Core.Models.General, Version=1.0.0.0, Culture=neutral, PublicKeyToken=null]]'.
[20:48:22 INF] (vicente.maria.vm17@gmail.com) Executed action AppProject.Core.Controllers.General.CityController.GetNeighborhoodsAsync (AppProject.Core.Controllers.General) in 4450.7352ms
[20:48:22 INF] (vicente.maria.vm17@gmail.com) Executed endpoint 'AppProject.Core.Controllers.General.CityController.GetNeighborhoodsAsync (AppProject.Core.Controllers.General)'
[20:48:22 INF] () Request finished HTTP/2 GET https://localhost:7121/api/general/City/GetNeighborhoods?ParentId=7f3d42dc-4b9d-4a37-e4ed-08deca2bc236 - 200 null application/json; charset=utf-8 4465.7945ms
