[08:49:58 WRN] () No instantiatable types implementing `IEntityTypeConfiguration` were found while while scanning assembly 'AppProject.Core.Infraestructure.Database, Version=1.0.0.0, Culture=neutral, PublicKeyToken=null'.
[08:49:59 INF] () Executed DbCommand (24ms) [Parameters=[], CommandType='"Text"', CommandTimeout='30']
SELECT 1
[08:49:59 INF] () Acquiring an exclusive lock for migration application. See https://aka.ms/efcore-docs-migrations-lock for more information if this takes too long.
[08:49:59 INF] () Executed DbCommand (34ms) [Parameters=[], CommandType='"Text"', CommandTimeout='30']
DECLARE @result int;
EXEC @result = sp_getapplock @Resource = '__EFMigrationsLock', @LockOwner = 'Session', @LockMode = 'Exclusive';
SELECT @result
[08:49:59 INF] () Executed DbCommand (6ms) [Parameters=[], CommandType='"Text"', CommandTimeout='30']
IF OBJECT_ID(N'[__EFMigrationsHistory]') IS NULL
BEGIN
    CREATE TABLE [__EFMigrationsHistory] (
        [MigrationId] nvarchar(150) NOT NULL,
        [ProductVersion] nvarchar(32) NOT NULL,
        CONSTRAINT [PK___EFMigrationsHistory] PRIMARY KEY ([MigrationId])
    );
END;
[08:49:59 INF] () Executed DbCommand (1ms) [Parameters=[], CommandType='"Text"', CommandTimeout='30']
SELECT 1
[08:49:59 INF] () Executed DbCommand (1ms) [Parameters=[], CommandType='"Text"', CommandTimeout='30']
SELECT OBJECT_ID(N'[__EFMigrationsHistory]');
[08:49:59 INF] () Executed DbCommand (17ms) [Parameters=[], CommandType='"Text"', CommandTimeout='30']
SELECT [MigrationId], [ProductVersion]
FROM [__EFMigrationsHistory]
ORDER BY [MigrationId];
[08:49:59 INF] () No migrations were applied. The database is already up to date.
[08:49:59 INF] () Executed DbCommand (8ms) [Parameters=[], CommandType='"Text"', CommandTimeout='30']
DECLARE @result int;
EXEC @result = sp_releaseapplock @Resource = '__EFMigrationsLock', @LockOwner = 'Session';
SELECT @result
[08:50:00 INF] () Executed DbCommand (4ms) [Parameters=[], CommandType='"Text"', CommandTimeout='30']
SELECT TOP(1) [u].[Id], [u].[CreatedAt], [u].[CreatedByUserId], [u].[CreatedByUserName], [u].[Email], [u].[IsSystemAdmin], [u].[Name], [u].[RowVersion], [u].[UpdatedAt], [u].[UpdatedByUserId], [u].[UpdatedByUserName]
FROM [Users] AS [u]
WHERE [u].[IsSystemAdmin] = CAST(1 AS bit)
[08:50:00 INF] () User profile is available. Using 'C:\Users\vicen\AppData\Local\ASP.NET\DataProtection-Keys' as key repository and Windows DPAPI to encrypt keys at rest.
[08:50:00 INF] () Now listening on: https://localhost:7121
[08:50:00 INF] () Application started. Press Ctrl+C to shut down.
[08:50:00 INF] () Hosting environment: Development
[08:50:00 INF] () Content root path: C:\Course\dotnet-template\AppProject.Core.API
[08:50:09 INF] () Request starting HTTP/2 GET https://localhost:7121/swagger/index.html - null null
[08:50:09 INF] () Request finished HTTP/2 GET https://localhost:7121/swagger/index.html - 200 null text/html;charset=utf-8 98.5659ms
[08:50:09 INF] () Request starting HTTP/2 GET https://localhost:7121/swagger/v1/swagger.json - null null
[08:50:09 INF] () Request finished HTTP/2 GET https://localhost:7121/swagger/v1/swagger.json - 200 null application/json;charset=utf-8 87.5529ms
[08:50:18 INF] () Request starting HTTP/2 GET https://localhost:7121/api/general/Sample/GetSample - null null
[08:50:18 INF] (Anonymous) Executing endpoint 'AppProject.Core.Controllers.General.SampleController.GetSample (AppProject.Core.Controllers.General)'
[08:50:18 INF] (Anonymous) Route matched with {action = "GetSample", controller = "Sample"}. Executing controller action with signature Microsoft.AspNetCore.Mvc.IActionResult GetSample() on controller AppProject.Core.Controllers.General.SampleController (AppProject.Core.Controllers.General).
[08:50:18 INF] (Anonymous) Executing OkObjectResult, writing value of type 'System.String'.
[08:50:18 INF] (Anonymous) Executed action AppProject.Core.Controllers.General.SampleController.GetSample (AppProject.Core.Controllers.General) in 11.996ms
[08:50:18 INF] (Anonymous) Executed endpoint 'AppProject.Core.Controllers.General.SampleController.GetSample (AppProject.Core.Controllers.General)'
[08:50:18 INF] () Request finished HTTP/2 GET https://localhost:7121/api/general/Sample/GetSample - 200 null text/plain; charset=utf-8 148.9823ms
[08:50:20 INF] () Request starting HTTP/2 GET https://localhost:7121/api/general/Sample/GetSample - null null
[08:50:20 INF] (Anonymous) Executing endpoint 'AppProject.Core.Controllers.General.SampleController.GetSample (AppProject.Core.Controllers.General)'
[08:50:20 INF] (Anonymous) Route matched with {action = "GetSample", controller = "Sample"}. Executing controller action with signature Microsoft.AspNetCore.Mvc.IActionResult GetSample() on controller AppProject.Core.Controllers.General.SampleController (AppProject.Core.Controllers.General).
[08:50:20 INF] (Anonymous) Executing OkObjectResult, writing value of type 'System.String'.
[08:50:20 INF] (Anonymous) Executed action AppProject.Core.Controllers.General.SampleController.GetSample (AppProject.Core.Controllers.General) in 2.5923ms
[08:50:20 INF] (Anonymous) Executed endpoint 'AppProject.Core.Controllers.General.SampleController.GetSample (AppProject.Core.Controllers.General)'
[08:50:20 INF] () Request finished HTTP/2 GET https://localhost:7121/api/general/Sample/GetSample - 200 null text/plain; charset=utf-8 15.1745ms
[08:51:20 WRN] () No instantiatable types implementing `IEntityTypeConfiguration` were found while while scanning assembly 'AppProject.Core.Infraestructure.Database, Version=1.0.0.0, Culture=neutral, PublicKeyToken=null'.
[08:51:21 INF] () Executed DbCommand (22ms) [Parameters=[], CommandType='"Text"', CommandTimeout='30']
SELECT 1
[08:51:21 INF] () Acquiring an exclusive lock for migration application. See https://aka.ms/efcore-docs-migrations-lock for more information if this takes too long.
[08:51:21 INF] () Executed DbCommand (22ms) [Parameters=[], CommandType='"Text"', CommandTimeout='30']
DECLARE @result int;
EXEC @result = sp_getapplock @Resource = '__EFMigrationsLock', @LockOwner = 'Session', @LockMode = 'Exclusive';
SELECT @result
[08:51:21 INF] () Executed DbCommand (1ms) [Parameters=[], CommandType='"Text"', CommandTimeout='30']
IF OBJECT_ID(N'[__EFMigrationsHistory]') IS NULL
BEGIN
    CREATE TABLE [__EFMigrationsHistory] (
        [MigrationId] nvarchar(150) NOT NULL,
        [ProductVersion] nvarchar(32) NOT NULL,
        CONSTRAINT [PK___EFMigrationsHistory] PRIMARY KEY ([MigrationId])
    );
END;
[08:51:21 INF] () Executed DbCommand (1ms) [Parameters=[], CommandType='"Text"', CommandTimeout='30']
SELECT 1
[08:51:21 INF] () Executed DbCommand (1ms) [Parameters=[], CommandType='"Text"', CommandTimeout='30']
SELECT OBJECT_ID(N'[__EFMigrationsHistory]');
[08:51:21 INF] () Executed DbCommand (7ms) [Parameters=[], CommandType='"Text"', CommandTimeout='30']
SELECT [MigrationId], [ProductVersion]
FROM [__EFMigrationsHistory]
ORDER BY [MigrationId];
[08:51:21 INF] () No migrations were applied. The database is already up to date.
[08:51:21 INF] () Executed DbCommand (2ms) [Parameters=[], CommandType='"Text"', CommandTimeout='30']
DECLARE @result int;
EXEC @result = sp_releaseapplock @Resource = '__EFMigrationsLock', @LockOwner = 'Session';
SELECT @result
[08:51:21 INF] () Executed DbCommand (3ms) [Parameters=[], CommandType='"Text"', CommandTimeout='30']
SELECT TOP(1) [u].[Id], [u].[CreatedAt], [u].[CreatedByUserId], [u].[CreatedByUserName], [u].[Email], [u].[IsSystemAdmin], [u].[Name], [u].[RowVersion], [u].[UpdatedAt], [u].[UpdatedByUserId], [u].[UpdatedByUserName]
FROM [Users] AS [u]
WHERE [u].[IsSystemAdmin] = CAST(1 AS bit)
[08:51:21 INF] () User profile is available. Using 'C:\Users\vicen\AppData\Local\ASP.NET\DataProtection-Keys' as key repository and Windows DPAPI to encrypt keys at rest.
[08:51:21 INF] () Now listening on: https://localhost:7121
[08:51:21 INF] () Application started. Press Ctrl+C to shut down.
[08:51:21 INF] () Hosting environment: Development
[08:51:21 INF] () Content root path: C:\Course\dotnet-template\AppProject.Core.API
[08:51:26 INF] () Request starting HTTP/2 GET https://localhost:7121/swagger/index.html - null null
[08:51:26 INF] () The host 'localhost:7121' does not match an allowed host.
[08:51:26 INF] () Request finished HTTP/2 GET https://localhost:7121/swagger/index.html - 400 334 text/html 11.9061ms
[08:51:26 INF] () Request starting HTTP/2 GET https://localhost:7121/favicon.ico - null null
[08:51:26 INF] () The host 'localhost:7121' does not match an allowed host.
[08:51:26 INF] () Request finished HTTP/2 GET https://localhost:7121/favicon.ico - 400 334 text/html 3.8919ms
[08:52:30 WRN] () No instantiatable types implementing `IEntityTypeConfiguration` were found while while scanning assembly 'AppProject.Core.Infraestructure.Database, Version=1.0.0.0, Culture=neutral, PublicKeyToken=null'.
[08:52:30 INF] () Executed DbCommand (21ms) [Parameters=[], CommandType='"Text"', CommandTimeout='30']
SELECT 1
[08:52:30 INF] () Acquiring an exclusive lock for migration application. See https://aka.ms/efcore-docs-migrations-lock for more information if this takes too long.
[08:52:30 INF] () Executed DbCommand (24ms) [Parameters=[], CommandType='"Text"', CommandTimeout='30']
DECLARE @result int;
EXEC @result = sp_getapplock @Resource = '__EFMigrationsLock', @LockOwner = 'Session', @LockMode = 'Exclusive';
SELECT @result
[08:52:30 INF] () Executed DbCommand (2ms) [Parameters=[], CommandType='"Text"', CommandTimeout='30']
IF OBJECT_ID(N'[__EFMigrationsHistory]') IS NULL
BEGIN
    CREATE TABLE [__EFMigrationsHistory] (
        [MigrationId] nvarchar(150) NOT NULL,
        [ProductVersion] nvarchar(32) NOT NULL,
        CONSTRAINT [PK___EFMigrationsHistory] PRIMARY KEY ([MigrationId])
    );
END;
[08:52:30 INF] () Executed DbCommand (1ms) [Parameters=[], CommandType='"Text"', CommandTimeout='30']
SELECT 1
[08:52:31 INF] () Executed DbCommand (1ms) [Parameters=[], CommandType='"Text"', CommandTimeout='30']
SELECT OBJECT_ID(N'[__EFMigrationsHistory]');
[08:52:31 INF] () Executed DbCommand (7ms) [Parameters=[], CommandType='"Text"', CommandTimeout='30']
SELECT [MigrationId], [ProductVersion]
FROM [__EFMigrationsHistory]
ORDER BY [MigrationId];
[08:52:31 INF] () No migrations were applied. The database is already up to date.
[08:52:31 INF] () Executed DbCommand (3ms) [Parameters=[], CommandType='"Text"', CommandTimeout='30']
DECLARE @result int;
EXEC @result = sp_releaseapplock @Resource = '__EFMigrationsLock', @LockOwner = 'Session';
SELECT @result
[08:52:31 INF] () Executed DbCommand (3ms) [Parameters=[], CommandType='"Text"', CommandTimeout='30']
SELECT TOP(1) [u].[Id], [u].[CreatedAt], [u].[CreatedByUserId], [u].[CreatedByUserName], [u].[Email], [u].[IsSystemAdmin], [u].[Name], [u].[RowVersion], [u].[UpdatedAt], [u].[UpdatedByUserId], [u].[UpdatedByUserName]
FROM [Users] AS [u]
WHERE [u].[IsSystemAdmin] = CAST(1 AS bit)
[08:52:31 INF] () User profile is available. Using 'C:\Users\vicen\AppData\Local\ASP.NET\DataProtection-Keys' as key repository and Windows DPAPI to encrypt keys at rest.
[08:52:31 INF] () Now listening on: https://localhost:7121
[08:52:31 INF] () Application started. Press Ctrl+C to shut down.
[08:52:31 INF] () Hosting environment: Development
[08:52:31 INF] () Content root path: C:\Course\dotnet-template\AppProject.Core.API
[08:52:31 INF] () Request starting HTTP/2 GET https://localhost:7121/swagger/index.html - null null
[08:52:31 INF] () Request finished HTTP/2 GET https://localhost:7121/swagger/index.html - 200 null text/html;charset=utf-8 96.1323ms
[08:52:32 INF] () Request starting HTTP/2 GET https://localhost:7121/swagger/v1/swagger.json - null null
[08:52:32 INF] () Request finished HTTP/2 GET https://localhost:7121/swagger/v1/swagger.json - 200 null application/json;charset=utf-8 83.9503ms
